Archive member included because of file (symbol)

/Users/kleinen/Dropbox/Arduino/eclipse-workspace-3/ArduinoCore/328P_16MHz/libArduinoCore.a(HardwareSerial.o)
                              ./src/main.o (Serial)
/Users/kleinen/Dropbox/Arduino/eclipse-workspace-3/ArduinoCore/328P_16MHz/libArduinoCore.a(Print.o)
                              /Users/kleinen/Dropbox/Arduino/eclipse-workspace-3/ArduinoCore/328P_16MHz/libArduinoCore.a(HardwareSerial.o) (_ZN5Print5writeEPKhj)
/Users/kleinen/Dropbox/Arduino/eclipse-workspace-3/ArduinoCore/328P_16MHz/libArduinoCore.a(WMath.o)
                              ./src/main.o (_Z6randoml)
/Users/kleinen/Dropbox/Arduino/eclipse-workspace-3/ArduinoCore/328P_16MHz/libArduinoCore.a(WString.o)
                              /Users/kleinen/Dropbox/Arduino/eclipse-workspace-3/ArduinoCore/328P_16MHz/libArduinoCore.a(Print.o) (_ZNK6StringixEj)
/Users/kleinen/Dropbox/Arduino/eclipse-workspace-3/ArduinoCore/328P_16MHz/libArduinoCore.a(new.o)
                              ./lib/Lauflicht.o (_ZdlPv)
/Users/kleinen/Dropbox/Arduino/eclipse-workspace-3/ArduinoCore/328P_16MHz/libArduinoCore.a(wiring.o)
                              ./src/main.o (millis)
/Users/kleinen/Dropbox/Arduino/eclipse-workspace-3/ArduinoCore/328P_16MHz/libArduinoCore.a(wiring_digital.o)
                              ./src/main.o (pinMode)
/usr/local/CrossPack-AVR-20120217/lib/gcc/avr/4.5.1/../../../../avr/lib/avr5/libm.a(addsf3.o)
                              ./shiftpwmlib/CShiftPWM.o (__subsf3)
/usr/local/CrossPack-AVR-20120217/lib/gcc/avr/4.5.1/../../../../avr/lib/avr5/libm.a(addsf3x.o)
                              /usr/local/CrossPack-AVR-20120217/lib/gcc/avr/4.5.1/../../../../avr/lib/avr5/libm.a(addsf3.o) (__addsf3x)
/usr/local/CrossPack-AVR-20120217/lib/gcc/avr/4.5.1/../../../../avr/lib/avr5/libm.a(cmpsf2.o)
                              /Users/kleinen/Dropbox/Arduino/eclipse-workspace-3/ArduinoCore/328P_16MHz/libArduinoCore.a(Print.o) (__ltsf2)
/usr/local/CrossPack-AVR-20120217/lib/gcc/avr/4.5.1/../../../../avr/lib/avr5/libm.a(divsf3.o)
                              ./shiftpwmlib/CShiftPWM.o (__divsf3)
/usr/local/CrossPack-AVR-20120217/lib/gcc/avr/4.5.1/../../../../avr/lib/avr5/libm.a(divsf3x.o)
                              /usr/local/CrossPack-AVR-20120217/lib/gcc/avr/4.5.1/../../../../avr/lib/avr5/libm.a(divsf3.o) (__divsf3x)
/usr/local/CrossPack-AVR-20120217/lib/gcc/avr/4.5.1/../../../../avr/lib/avr5/libm.a(fixsfsi.o)
                              ./shiftpwmlib/CShiftPWM.o (__fixsfsi)
/usr/local/CrossPack-AVR-20120217/lib/gcc/avr/4.5.1/../../../../avr/lib/avr5/libm.a(fixunssfsi.o)
                              /Users/kleinen/Dropbox/Arduino/eclipse-workspace-3/ArduinoCore/328P_16MHz/libArduinoCore.a(Print.o) (__fixunssfsi)
/usr/local/CrossPack-AVR-20120217/lib/gcc/avr/4.5.1/../../../../avr/lib/avr5/libm.a(floatsisf.o)
                              ./shiftpwmlib/CShiftPWM.o (__floatunsisf)
/usr/local/CrossPack-AVR-20120217/lib/gcc/avr/4.5.1/../../../../avr/lib/avr5/libm.a(fp_cmp.o)
                              /usr/local/CrossPack-AVR-20120217/lib/gcc/avr/4.5.1/../../../../avr/lib/avr5/libm.a(cmpsf2.o) (__fp_cmp)
/usr/local/CrossPack-AVR-20120217/lib/gcc/avr/4.5.1/../../../../avr/lib/avr5/libm.a(fp_inf.o)
                              /usr/local/CrossPack-AVR-20120217/lib/gcc/avr/4.5.1/../../../../avr/lib/avr5/libm.a(addsf3x.o) (__fp_inf)
/usr/local/CrossPack-AVR-20120217/lib/gcc/avr/4.5.1/../../../../avr/lib/avr5/libm.a(fp_nan.o)
                              /usr/local/CrossPack-AVR-20120217/lib/gcc/avr/4.5.1/../../../../avr/lib/avr5/libm.a(addsf3x.o) (__fp_nan)
/usr/local/CrossPack-AVR-20120217/lib/gcc/avr/4.5.1/../../../../avr/lib/avr5/libm.a(fp_pscA.o)
                              /usr/local/CrossPack-AVR-20120217/lib/gcc/avr/4.5.1/../../../../avr/lib/avr5/libm.a(addsf3x.o) (__fp_pscA)
/usr/local/CrossPack-AVR-20120217/lib/gcc/avr/4.5.1/../../../../avr/lib/avr5/libm.a(fp_pscB.o)
                              /usr/local/CrossPack-AVR-20120217/lib/gcc/avr/4.5.1/../../../../avr/lib/avr5/libm.a(addsf3x.o) (__fp_pscB)
/usr/local/CrossPack-AVR-20120217/lib/gcc/avr/4.5.1/../../../../avr/lib/avr5/libm.a(fp_round.o)
                              /usr/local/CrossPack-AVR-20120217/lib/gcc/avr/4.5.1/../../../../avr/lib/avr5/libm.a(addsf3.o) (__fp_round)
/usr/local/CrossPack-AVR-20120217/lib/gcc/avr/4.5.1/../../../../avr/lib/avr5/libm.a(fp_split3.o)
                              /usr/local/CrossPack-AVR-20120217/lib/gcc/avr/4.5.1/../../../../avr/lib/avr5/libm.a(addsf3x.o) (__fp_split3)
/usr/local/CrossPack-AVR-20120217/lib/gcc/avr/4.5.1/../../../../avr/lib/avr5/libm.a(fp_zero.o)
                              /usr/local/CrossPack-AVR-20120217/lib/gcc/avr/4.5.1/../../../../avr/lib/avr5/libm.a(addsf3x.o) (__fp_zero)
/usr/local/CrossPack-AVR-20120217/lib/gcc/avr/4.5.1/../../../../avr/lib/avr5/libm.a(gesf2.o)
                              ./shiftpwmlib/CShiftPWM.o (__gesf2)
[...]
Memory Configuration

Name             Origin             Length             Attributes
text             0x00000000         0x00020000         xr
data             0x00800060         0x0000ffa0         rw !x
eeprom           0x00810000         0x00010000         rw !x
fuse             0x00820000         0x00000400         rw !x
lock             0x00830000         0x00000400         rw !x
signature        0x00840000         0x00000400         rw !x
*default*        0x00000000         0xffffffff

Linker script and memory map

Address of section .data set to 0x800100
LOAD /usr/local/CrossPack-AVR-20120217/lib/gcc/avr/4.5.1/../../../../avr/lib/avr5/crtm328p.o
LOAD ./src/main.o
LOAD ./shiftpwmlib/CShiftPWM.o
LOAD ./lib/BlinkenFilm.o
LOAD ./lib/Lauflicht.o
LOAD ./arduinolib/SPI.o
LOAD /Users/kleinen/Dropbox/Arduino/eclipse-workspace-3/ArduinoCore/328P_16MHz/libArduinoCore.a
LOAD /usr/local/CrossPack-AVR-20120217/lib/gcc/avr/4.5.1/../../../../avr/lib/avr5/libm.a
LOAD /usr/local/CrossPack-AVR-20120217/lib/gcc/avr/4.5.1/avr5/libgcc.a
LOAD /usr/local/CrossPack-AVR-20120217/lib/gcc/avr/4.5.1/../../../../avr/lib/avr5/libc.a
LOAD /usr/local/CrossPack-AVR-20120217/lib/gcc/avr/4.5.1/avr5/libgcc.a

.hash
 *(.hash)

.dynsym
 *(.dynsym)

.dynstr
 *(.dynstr)

.gnu.version
 *(.gnu.version)

.gnu.version_d
 *(.gnu.version_d)

.gnu.version_r
 *(.gnu.version_r)

.rel.init
 *(.rel.init)

.rela.init
 *(.rela.init)

.rel.text
 *(.rel.text)
 *(.rel.text.*)
 *(.rel.gnu.linkonce.t*)

.rela.text
 *(.rela.text)
 *(.rela.text.*)
 *(.rela.gnu.linkonce.t*)

.rel.fini
 *(.rel.fini)

.rela.fini
 *(.rela.fini)

.rel.rodata
 *(.rel.rodata)
 *(.rel.rodata.*)
 *(.rel.gnu.linkonce.r*)

.rela.rodata
 *(.rela.rodata)
 *(.rela.rodata.*)
 *(.rela.gnu.linkonce.r*)

.rel.data
 *(.rel.data)
 *(.rel.data.*)
 *(.rel.gnu.linkonce.d*)

.rela.data
 *(.rela.data)
 *(.rela.data.*)
 *(.rela.gnu.linkonce.d*)

.rel.ctors
 *(.rel.ctors)

.rela.ctors
 *(.rela.ctors)

.rel.dtors
 *(.rel.dtors)

.rela.dtors
 *(.rela.dtors)

.rel.got
 *(.rel.got)

.rela.got
 *(.rela.got)

.rel.bss
 *(.rel.bss)

.rela.bss
 *(.rela.bss)

.rel.plt
 *(.rel.plt)

.rela.plt
 *(.rela.plt)

.text           0x00000000     0x288a
 *(.vectors)
 .vectors       0x00000000       0x68 /usr/local/CrossPack-AVR-20120217/lib/gcc/avr/4.5.1/../../../../avr/lib/avr5/crtm328p.o
                0x00000000                __vectors
                0x00000000                __vector_default
 *(.vectors)
 *(.progmem.gcc*)
 *(.progmem*)
 .progmem.data  0x00000068       0x5a /Users/kleinen/Dropbox/Arduino/eclipse-workspace-3/ArduinoCore/328P_16MHz/libArduinoCore.a(wiring_digital.o)
                0x00000068                port_to_mode_PGM
                0x00000072                port_to_output_PGM
                0x0000007c                port_to_input_PGM
                0x00000086                digital_pin_to_port_PGM
                0x0000009a                digital_pin_to_bit_mask_PGM
                0x000000ae                digital_pin_to_timer_PGM
                0x000000c2                . = ALIGN (0x2)
                0x000000c2                __trampolines_start = .
 *(.trampolines)
 .trampolines   0x000000c2        0x0 linker stubs
 *(.trampolines*)
                0x000000c2                __trampolines_end = .
 *(.jumptables)
 *(.jumptables*)
 *(.lowtext)
 *(.lowtext*)
                0x000000c2                __ctors_start = .
 *(.ctors)
 .ctors         0x000000c2        0x2 ./src/main.o
 .ctors         0x000000c4        0x2 /Users/kleinen/Dropbox/Arduino/eclipse-workspace-3/ArduinoCore/328P_16MHz/libArduinoCore.a(HardwareSerial.o)
                0x000000c6                __ctors_end = .
                0x000000c6                __dtors_start = .
 *(.dtors)
 .dtors         0x000000c6        0x2 ./src/main.o
                0x000000c8                __dtors_end = .
 SORT(*)(.ctors)
 SORT(*)(.dtors)
 *(.init0)
 .init0         0x000000c8        0x0 /usr/local/CrossPack-AVR-20120217/lib/gcc/avr/4.5.1/../../../../avr/lib/avr5/crtm328p.o
                0x000000c8                __init
 *(.init0)
 *(.init1)
 *(.init1)
 *(.init2)
 .init2         0x000000c8        0xc /usr/local/CrossPack-AVR-20120217/lib/gcc/avr/4.5.1/../../../../avr/lib/avr5/crtm328p.o
 *(.init2)
 *(.init3)
 *(.init3)
 *(.init4)
 .init4         0x000000d4       0x16 /usr/local/CrossPack-AVR-20120217/lib/gcc/avr/4.5.1/avr5/libgcc.a(_copy_data.o)
                0x000000d4                __do_copy_data
 .init4         0x000000ea       0x10 /usr/local/CrossPack-AVR-20120217/lib/gcc/avr/4.5.1/avr5/libgcc.a(_clear_bss.o)
                0x000000ea                __do_clear_bss
 *(.init4)
 *(.init5)
 *(.init5)
 *(.init6)
 .init6         0x000000fa       0x16 /usr/local/CrossPack-AVR-20120217/lib/gcc/avr/4.5.1/avr5/libgcc.a(_ctors.o)
                0x000000fa                __do_global_ctors
 *(.init6)
 *(.init7)
 *(.init7)
 *(.init8)
 *(.init8)
 *(.init9)
 .init9         0x00000110        0x8 /usr/local/CrossPack-AVR-20120217/lib/gcc/avr/4.5.1/../../../../avr/lib/avr5/crtm328p.o
 *(.init9)
 *(.text)
 .text          0x00000118        0x4 /usr/local/CrossPack-AVR-20120217/lib/gcc/avr/4.5.1/../../../../avr/lib/avr5/crtm328p.o
                0x00000118                __vector_20
                0x00000118                __vector_1
                0x00000118                __vector_24
                0x00000118                __vector_12
                0x00000118                __bad_interrupt
                0x00000118                __vector_6
                0x00000118                __vector_3
                0x00000118                __vector_23
                0x00000118                __vector_25
                0x00000118                __vector_13
                0x00000118                __vector_17
                0x00000118                __vector_7
                0x00000118                __vector_5
                0x00000118                __vector_4
                0x00000118                __vector_9
                0x00000118                __vector_2
                0x00000118                __vector_21
                0x00000118                __vector_15
                0x00000118                __vector_8
                0x00000118                __vector_14
                0x00000118                __vector_10
                0x00000118                __vector_22
                0x0000011c                . = ALIGN (0x2)
 *(.text.*)
 .text._Z41__static_initialization_and_destruction_0ii.clone.0
                0x0000011c       0x7e ./src/main.o
 .text.__vector_11
                0x0000019a       0xb0 ./src/main.o
                0x0000019a                __vector_11
 .text.setup    0x0000024a       0x72 ./src/main.o
                0x0000024a                setup
 .text._Z5resetv
                0x000002bc      0x18e ./src/main.o
                0x000002bc                _Z5resetv
 .text._Z6doStepPc
                0x0000044a       0x32 ./src/main.o
                0x0000044a                _Z6doStepPc
 .text._Z4stepv
                0x0000047c       0xe0 ./src/main.o
                0x0000047c                _Z4stepv
 .text._Z10switchFilmv
                0x0000055c       0xaa ./src/main.o
                0x0000055c                _Z10switchFilmv
 .text.loop     0x00000606        0xa ./src/main.o
                0x00000606                loop
 .text.main     0x00000610        0xe ./src/main.o
                0x00000610                main
 .text._GLOBAL__I_ShiftPWM
                0x0000061e        0xa ./src/main.o
 .text._GLOBAL__D_ShiftPWM
                0x00000628        0xa ./src/main.o
 .text._ZN9CShiftPWMC2Ei
                0x00000632       0x16 ./shiftpwmlib/CShiftPWM.o
                0x00000632                _ZN9CShiftPWMC1Ei
                0x00000632                _ZN9CShiftPWMC2Ei
 .text._ZN9CShiftPWMD2Ev
                0x00000648       0x10 ./shiftpwmlib/CShiftPWM.o
                0x00000648                _ZN9CShiftPWMD1Ev
                0x00000648                _ZN9CShiftPWMD2Ev
 .text._ZN9CShiftPWM10IsValidPinEi
                0x00000658       0x88 ./shiftpwmlib/CShiftPWM.o
                0x00000658                _ZN9CShiftPWM10IsValidPinEi
 .text._ZN9CShiftPWM6SetOneEih
                0x000006e0       0x42 ./shiftpwmlib/CShiftPWM.o
                0x000006e0                _ZN9CShiftPWM6SetOneEih
 .text._ZN9CShiftPWM6SetAllEh
                0x00000722       0x20 ./shiftpwmlib/CShiftPWM.o
                0x00000722                _ZN9CShiftPWM6SetAllEh
 .text._ZN9CShiftPWM14LoadNotTooHighEv
                0x00000742      0x162 ./shiftpwmlib/CShiftPWM.o
                0x00000742                _ZN9CShiftPWM14LoadNotTooHighEv
 .text._ZN9CShiftPWM20SetAmountOfRegistersEh
                0x000008a4       0xaa ./shiftpwmlib/CShiftPWM.o
                0x000008a4                _ZN9CShiftPWM20SetAmountOfRegistersEh
 .text._ZN9CShiftPWM10InitTimer1Ev
                0x0000094e      0x10c ./shiftpwmlib/CShiftPWM.o
                0x0000094e                _ZN9CShiftPWM10InitTimer1Ev
 .text._ZN9CShiftPWM10InitTimer2Ev
                0x00000a5a      0x256 ./shiftpwmlib/CShiftPWM.o
                0x00000a5a                _ZN9CShiftPWM10InitTimer2Ev
 .text._ZN9CShiftPWM5StartEih
                0x00000cb0       0x48 ./shiftpwmlib/CShiftPWM.o
                0x00000cb0                _ZN9CShiftPWM5StartEih
 .text._Z17inout_getNextStepPc
                0x00000cf8       0x74 ./lib/BlinkenFilm.o
                0x00000cf8                _Z17inout_getNextStepPc
 .text._Z17fader_getNextStepPc
                0x00000d6c       0xbe ./lib/BlinkenFilm.o
                0x00000d6c                _Z17fader_getNextStepPc
 .text._Z18runner_getNextStepPc
                0x00000e2a      0x124 ./lib/BlinkenFilm.o
                0x00000e2a                _Z18runner_getNextStepPc
 .text._Z23randomLight_getNextStepPc
                0x00000f4e       0x42 ./lib/BlinkenFilm.o
                0x00000f4e                _Z23randomLight_getNextStepPc
 .text._Z16clit_getNextStepPc
                0x00000f90       0xa4 ./lib/BlinkenFilm.o
                0x00000f90                _Z16clit_getNextStepPc
 .text._Z16rain_getNextStepPc
                0x00001034        0x6 ./lib/BlinkenFilm.o
                0x00001034                _Z16rain_getNextStepPc
 .text._Z14lauflichtResetv
                0x0000103a       0x70 ./lib/BlinkenFilm.o
                0x0000103a                _Z14lauflichtResetv
 .text._Z12addLauflichtv
                0x000010aa       0xb8 ./lib/BlinkenFilm.o
                0x000010aa                _Z12addLauflichtv
 .text._Z20runner_2_getNextStepPc
                0x00001162       0xe2 ./lib/BlinkenFilm.o
                0x00001162                _Z20runner_2_getNextStepPc
 .text._ZN9LauflichtD2Ev
                0x00001244        0xc ./lib/Lauflicht.o
                0x00001244                _ZN9LauflichtD2Ev
                0x00001244                _ZN9LauflichtD1Ev
 .text._ZN9LauflichtD0Ev
                0x00001250       0x10 ./lib/Lauflicht.o
                0x00001250                _ZN9LauflichtD0Ev
 .text._ZN9LauflichtC2Ev
                0x00001260       0x12 ./lib/Lauflicht.o
                0x00001260                _ZN9LauflichtC2Ev
                0x00001260                _ZN9LauflichtC1Ev
 .text._ZN9LauflichtC2Ecc
                0x00001272       0x10 ./lib/Lauflicht.o
                0x00001272                _ZN9LauflichtC1Ecc
                0x00001272                _ZN9LauflichtC2Ecc
 .text._ZN9Lauflicht7advanceEv
                0x00001282       0x1e ./lib/Lauflicht.o
                0x00001282                _ZN9Lauflicht7advanceEv
 .text._ZN9Lauflicht11getPositionEv
                0x000012a0        0x6 ./lib/Lauflicht.o
                0x000012a0                _ZN9Lauflicht11getPositionEv
 .text._ZN9Lauflicht15getLastPositionEv
                0x000012a6        0x6 ./lib/Lauflicht.o
                0x000012a6                _ZN9Lauflicht15getLastPositionEv
 .text._ZN8SPIClass5beginEv
                0x000012ac       0x3e ./arduinolib/SPI.o
                0x000012ac                _ZN8SPIClass5beginEv
 .text._ZN8SPIClass11setBitOrderEh
                0x000012ea       0x12 ./arduinolib/SPI.o
                0x000012ea                _ZN8SPIClass11setBitOrderEh
 .text._ZN8SPIClass15setClockDividerEh
                0x000012fc       0x22 ./arduinolib/SPI.o
                0x000012fc                _ZN8SPIClass15setClockDividerEh
 .text._ZN14HardwareSerial9availableEv
                0x0000131e       0x26 /Users/kleinen/Dropbox/Arduino/eclipse-workspace-3/ArduinoCore/328P_16MHz/libArduinoCore.a(HardwareSerial.o)
                0x0000131e                _ZN14HardwareSerial9availableEv
 .text._ZN14HardwareSerial4peekEv
                0x00001344       0x38 /Users/kleinen/Dropbox/Arduino/eclipse-workspace-3/ArduinoCore/328P_16MHz/libArduinoCore.a(HardwareSerial.o)
                0x00001344                _ZN14HardwareSerial4peekEv
 .text._ZN14HardwareSerial4readEv
                0x0000137c       0x44 /Users/kleinen/Dropbox/Arduino/eclipse-workspace-3/ArduinoCore/328P_16MHz/libArduinoCore.a(HardwareSerial.o)
                0x0000137c                _ZN14HardwareSerial4readEv
 .text._ZN14HardwareSerial5flushEv
                0x000013c0       0x28 /Users/kleinen/Dropbox/Arduino/eclipse-workspace-3/ArduinoCore/328P_16MHz/libArduinoCore.a(HardwareSerial.o)
                0x000013c0                _ZN14HardwareSerial5flushEv
 .text._ZN14HardwareSerial5writeEh
                0x000013e8       0x72 /Users/kleinen/Dropbox/Arduino/eclipse-workspace-3/ArduinoCore/328P_16MHz/libArduinoCore.a(HardwareSerial.o)
                0x000013e8                _ZN14HardwareSerial5writeEh
 .text._Z10store_charhP11ring_buffer
                0x0000145a       0x34 /Users/kleinen/Dropbox/Arduino/eclipse-workspace-3/ArduinoCore/328P_16MHz/libArduinoCore.a(HardwareSerial.o)
                0x0000145a                _Z10store_charhP11ring_buffer
 .text.__vector_18
                0x0000148e       0x50 /Users/kleinen/Dropbox/Arduino/eclipse-workspace-3/ArduinoCore/328P_16MHz/libArduinoCore.a(HardwareSerial.o)
                0x0000148e                __vector_18
 .text.__vector_19
                0x000014de       0x8e /Users/kleinen/Dropbox/Arduino/eclipse-workspace-3/ArduinoCore/328P_16MHz/libArduinoCore.a(HardwareSerial.o)
                0x000014de                __vector_19
 .text._ZN14HardwareSerial5beginEm
                0x0000156c       0xfc /Users/kleinen/Dropbox/Arduino/eclipse-workspace-3/ArduinoCore/328P_16MHz/libArduinoCore.a(HardwareSerial.o)
                0x0000156c                _ZN14HardwareSerial5beginEm
 .text._GLOBAL__I_rx_buffer
                0x00001668       0x7a /Users/kleinen/Dropbox/Arduino/eclipse-workspace-3/ArduinoCore/328P_16MHz/libArduinoCore.a(HardwareSerial.o)
 .text._ZN5Print5writeEPKhj
                0x000016e2       0x54 /Users/kleinen/Dropbox/Arduino/eclipse-workspace-3/ArduinoCore/328P_16MHz/libArduinoCore.a(Print.o)
                0x000016e2                _ZN5Print5writeEPKhj
 .text._ZN5Print5writeEPKc
                0x00001736       0x22 /Users/kleinen/Dropbox/Arduino/eclipse-workspace-3/ArduinoCore/328P_16MHz/libArduinoCore.a(Print.o)
                0x00001736                _ZN5Print5writeEPKc
 .text._ZN5Print5printEPKc
                0x00001758        0x6 /Users/kleinen/Dropbox/Arduino/eclipse-workspace-3/ArduinoCore/328P_16MHz/libArduinoCore.a(Print.o)
                0x00001758                _ZN5Print5printEPKc
 .text._ZN5Print5printEc
                0x0000175e       0x10 /Users/kleinen/Dropbox/Arduino/eclipse-workspace-3/ArduinoCore/328P_16MHz/libArduinoCore.a(Print.o)
                0x0000175e                _ZN5Print5printEc
 .text._ZN5Print7printlnEv
                0x0000176e       0x2a /Users/kleinen/Dropbox/Arduino/eclipse-workspace-3/ArduinoCore/328P_16MHz/libArduinoCore.a(Print.o)
                0x0000176e                _ZN5Print7printlnEv
 .text._ZN5Print7printlnEPKc
                0x00001798       0x26 /Users/kleinen/Dropbox/Arduino/eclipse-workspace-3/ArduinoCore/328P_16MHz/libArduinoCore.a(Print.o)
                0x00001798                _ZN5Print7printlnEPKc
 .text._ZN5Print11printNumberEmh
                0x000017be       0xb4 /Users/kleinen/Dropbox/Arduino/eclipse-workspace-3/ArduinoCore/328P_16MHz/libArduinoCore.a(Print.o)
                0x000017be                _ZN5Print11printNumberEmh
 .text._ZN5Print5printEmi
                0x00001872       0x1e /Users/kleinen/Dropbox/Arduino/eclipse-workspace-3/ArduinoCore/328P_16MHz/libArduinoCore.a(Print.o)
                0x00001872                _ZN5Print5printEmi
 .text._ZN5Print5printEli
                0x00001890       0x76 /Users/kleinen/Dropbox/Arduino/eclipse-workspace-3/ArduinoCore/328P_16MHz/libArduinoCore.a(Print.o)
                0x00001890                _ZN5Print5printEli
 .text._ZN5Print5printEii
                0x00001906       0x14 /Users/kleinen/Dropbox/Arduino/eclipse-workspace-3/ArduinoCore/328P_16MHz/libArduinoCore.a(Print.o)
                0x00001906                _ZN5Print5printEii
 .text._ZN5Print7printlnEii
                0x0000191a       0x36 /Users/kleinen/Dropbox/Arduino/eclipse-workspace-3/ArduinoCore/328P_16MHz/libArduinoCore.a(Print.o)
                0x0000191a                _ZN5Print7printlnEii
 .text._ZN5Print10printFloatEdh
                0x00001950      0x172 /Users/kleinen/Dropbox/Arduino/eclipse-workspace-3/ArduinoCore/328P_16MHz/libArduinoCore.a(Print.o)
                0x00001950                _ZN5Print10printFloatEdh
 .text._ZN5Print5printEdi
                0x00001ac2        0x6 /Users/kleinen/Dropbox/Arduino/eclipse-workspace-3/ArduinoCore/328P_16MHz/libArduinoCore.a(Print.o)
                0x00001ac2                _ZN5Print5printEdi
 .text._Z6randoml
                0x00001ac8       0x3c /Users/kleinen/Dropbox/Arduino/eclipse-workspace-3/ArduinoCore/328P_16MHz/libArduinoCore.a(WMath.o)
                0x00001ac8                _Z6randoml
 .text._ZdlPv   0x00001b04        0x6 /Users/kleinen/Dropbox/Arduino/eclipse-workspace-3/ArduinoCore/328P_16MHz/libArduinoCore.a(new.o)
                0x00001b04                _ZdlPv
 .text.__vector_16
                0x00001b0a       0x90 /Users/kleinen/Dropbox/Arduino/eclipse-workspace-3/ArduinoCore/328P_16MHz/libArduinoCore.a(wiring.o)
                0x00001b0a                __vector_16
 .text.millis   0x00001b9a       0x1c /Users/kleinen/Dropbox/Arduino/eclipse-workspace-3/ArduinoCore/328P_16MHz/libArduinoCore.a(wiring.o)
                0x00001b9a                millis
 .text.micros   0x00001bb6       0x4c /Users/kleinen/Dropbox/Arduino/eclipse-workspace-3/ArduinoCore/328P_16MHz/libArduinoCore.a(wiring.o)
                0x00001bb6                micros
 .text.delay    0x00001c02       0x4e /Users/kleinen/Dropbox/Arduino/eclipse-workspace-3/ArduinoCore/328P_16MHz/libArduinoCore.a(wiring.o)
                0x00001c02                delay
 .text.init     0x00001c50       0x76 /Users/kleinen/Dropbox/Arduino/eclipse-workspace-3/ArduinoCore/328P_16MHz/libArduinoCore.a(wiring.o)
                0x00001c50                init
 .text.turnOffPWM
                0x00001cc6       0x5a /Users/kleinen/Dropbox/Arduino/eclipse-workspace-3/ArduinoCore/328P_16MHz/libArduinoCore.a(wiring_digital.o)
 .text.pinMode  0x00001d20       0x48 /Users/kleinen/Dropbox/Arduino/eclipse-workspace-3/ArduinoCore/328P_16MHz/libArduinoCore.a(wiring_digital.o)
                0x00001d20                pinMode
 .text.digitalWrite
                0x00001d68       0x70 /Users/kleinen/Dropbox/Arduino/eclipse-workspace-3/ArduinoCore/328P_16MHz/libArduinoCore.a(wiring_digital.o)
                0x00001d68                digitalWrite
 .text.avr-libc.fplib
                0x00001dd8        0xa /usr/local/CrossPack-AVR-20120217/lib/gcc/avr/4.5.1/../../../../avr/lib/avr5/libm.a(addsf3.o)
                0x00001dd8                __subsf3
                0x00001dda                __addsf3
 .text.avr-libc.fplib
                0x00001de2       0xc0 /usr/local/CrossPack-AVR-20120217/lib/gcc/avr/4.5.1/../../../../avr/lib/avr5/libm.a(addsf3x.o)
                0x00001dfc                __addsf3x
 .text.avr-libc.fplib
                0x00001ea2        0x8 /usr/local/CrossPack-AVR-20120217/lib/gcc/avr/4.5.1/../../../../avr/lib/avr5/libm.a(cmpsf2.o)
                0x00001ea2                __lesf2
                0x00001ea2                __nesf2
                0x00001ea2                __eqsf2
                0x00001ea2                __cmpsf2
                0x00001ea2                __ltsf2
 .text.avr-libc.fplib
                0x00001eaa        0x4 /usr/local/CrossPack-AVR-20120217/lib/gcc/avr/4.5.1/../../../../avr/lib/avr5/libm.a(divsf3.o)
                0x00001eaa                __divsf3
 .text.avr-libc.fplib
                0x00001eae       0xcc /usr/local/CrossPack-AVR-20120217/lib/gcc/avr/4.5.1/../../../../avr/lib/avr5/libm.a(divsf3x.o)
                0x00001ec4                __divsf3x
                0x00001ec8                __divsf3_pse
 .text.avr-libc.fplib
                0x00001f7a        0xa /usr/local/CrossPack-AVR-20120217/lib/gcc/avr/4.5.1/../../../../avr/lib/avr5/libm.a(fixsfsi.o)
                0x00001f7a                __fixsfsi
 .text.avr-libc.fplib
                0x00001f84       0x58 /usr/local/CrossPack-AVR-20120217/lib/gcc/avr/4.5.1/../../../../avr/lib/avr5/libm.a(fixunssfsi.o)
                0x00001f84                __fixunssfsi
 .text.avr-libc.fplib
                0x00001fdc       0x7a /usr/local/CrossPack-AVR-20120217/lib/gcc/avr/4.5.1/../../../../avr/lib/avr5/libm.a(floatsisf.o)
                0x00001fdc                __floatunsisf
                0x00001fe0                __floatsisf
 .text.avr-libc.fplib
                0x00002056       0x48 /usr/local/CrossPack-AVR-20120217/lib/gcc/avr/4.5.1/../../../../avr/lib/avr5/libm.a(fp_cmp.o)
                0x00002056                __fp_cmp
 .text.avr-libc.fplib
                0x0000209e        0xc /usr/local/CrossPack-AVR-20120217/lib/gcc/avr/4.5.1/../../../../avr/lib/avr5/libm.a(fp_inf.o)
                0x0000209e                __fp_inf
 .text.avr-libc.fplib
                0x000020aa        0x6 /usr/local/CrossPack-AVR-20120217/lib/gcc/avr/4.5.1/../../../../avr/lib/avr5/libm.a(fp_nan.o)
                0x000020aa                __fp_nan
 .text.avr-libc.fplib
                0x000020b0        0xe /usr/local/CrossPack-AVR-20120217/lib/gcc/avr/4.5.1/../../../../avr/lib/avr5/libm.a(fp_pscA.o)
                0x000020b0                __fp_pscA
 .text.avr-libc.fplib
                0x000020be        0xe /usr/local/CrossPack-AVR-20120217/lib/gcc/avr/4.5.1/../../../../avr/lib/avr5/libm.a(fp_pscB.o)
                0x000020be                __fp_pscB
 .text.avr-libc.fplib
                0x000020cc       0x22 /usr/local/CrossPack-AVR-20120217/lib/gcc/avr/4.5.1/../../../../avr/lib/avr5/libm.a(fp_round.o)
                0x000020cc                __fp_round
 .text.avr-libc.fplib
                0x000020ee       0x44 /usr/local/CrossPack-AVR-20120217/lib/gcc/avr/4.5.1/../../../../avr/lib/avr5/libm.a(fp_split3.o)
                0x000020ee                __fp_split3
                0x000020fe                __fp_splitA
 .text.avr-libc.fplib
                0x00002132        0xe /usr/local/CrossPack-AVR-20120217/lib/gcc/avr/4.5.1/../../../../avr/lib/avr5/libm.a(fp_zero.o)
                0x00002132                __fp_zero
                0x00002134                __fp_szero
 .text.avr-libc.fplib
                0x00002140        0x8 /usr/local/CrossPack-AVR-20120217/lib/gcc/avr/4.5.1/../../../../avr/lib/avr5/libm.a(gesf2.o)
                0x00002140                __gtsf2
                0x00002140                __gesf2
 .text.avr-libc.fplib
                0x00002148        0x4 /usr/local/CrossPack-AVR-20120217/lib/gcc/avr/4.5.1/../../../../avr/lib/avr5/libm.a(mulsf3.o)
                0x00002148                __mulsf3
 .text.avr-libc.fplib
                0x0000214c       0xc2 /usr/local/CrossPack-AVR-20120217/lib/gcc/avr/4.5.1/../../../../avr/lib/avr5/libm.a(mulsf3x.o)
                0x00002160                __mulsf3x
                0x00002164                __mulsf3_pse
 .text.libgcc   0x0000220e       0x3e /usr/local/CrossPack-AVR-20120217/lib/gcc/avr/4.5.1/avr5/libgcc.a(_mulsi3.o)
                0x0000220e                __mulsi3
 .text.libgcc   0x0000224c       0x1a /usr/local/CrossPack-AVR-20120217/lib/gcc/avr/4.5.1/avr5/libgcc.a(_divmodqi4.o)
                0x0000224c                __divmodqi4
 .text.libgcc   0x00002266       0x26 /usr/local/CrossPack-AVR-20120217/lib/gcc/avr/4.5.1/avr5/libgcc.a(_divmodhi4.o)
                0x00002266                __divmodhi4
                0x00002266                _div
 .text.libgcc   0x0000228c       0x44 /usr/local/CrossPack-AVR-20120217/lib/gcc/avr/4.5.1/avr5/libgcc.a(_udivmodsi4.o)
                0x0000228c                __udivmodsi4
 .text.libgcc   0x000022d0       0x36 /usr/local/CrossPack-AVR-20120217/lib/gcc/avr/4.5.1/avr5/libgcc.a(_divmodsi4.o)
                0x000022d0                __divmodsi4
 .text.libgcc   0x00002306       0x18 /usr/local/CrossPack-AVR-20120217/lib/gcc/avr/4.5.1/avr5/libgcc.a(_udivmodqi4.o)
                0x00002306                __udivmodqi4
 .text.libgcc   0x0000231e       0x28 /usr/local/CrossPack-AVR-20120217/lib/gcc/avr/4.5.1/avr5/libgcc.a(_udivmodhi4.o)
                0x0000231e                __udivmodhi4
 .text.libgcc   0x00002346        0xc /usr/local/CrossPack-AVR-20120217/lib/gcc/avr/4.5.1/avr5/libgcc.a(_tablejump.o)
                0x00002346                __tablejump2__
                0x0000234a                __tablejump__
 .text.avr-libc
                0x00002352      0x266 /usr/local/CrossPack-AVR-20120217/lib/gcc/avr/4.5.1/../../../../avr/lib/avr5/libc.a(malloc.o)
                0x00002352                malloc
                0x00002486                free
 .text.avr-libc
                0x000025b8       0xaa /usr/local/CrossPack-AVR-20120217/lib/gcc/avr/4.5.1/../../../../avr/lib/avr5/libc.a(random.o)
                0x00002640                random_r
                0x00002646                random
                0x00002650                srandom
 .text.avr-libc
                0x00002662      0x18e /usr/local/CrossPack-AVR-20120217/lib/gcc/avr/4.5.1/../../../../avr/lib/avr5/libc.a(realloc.o)
                0x00002662                realloc
 .text.avr-libc
                0x000027f0       0x12 /usr/local/CrossPack-AVR-20120217/lib/gcc/avr/4.5.1/../../../../avr/lib/avr5/libc.a(memcpy.o)
                0x000027f0                memcpy
 .text.libgcc   0x00002802       0x38 /usr/local/CrossPack-AVR-20120217/lib/gcc/avr/4.5.1/avr5/libgcc.a(_prologue.o)
                0x00002802                __prologue_saves__
 .text.libgcc   0x0000283a       0x36 /usr/local/CrossPack-AVR-20120217/lib/gcc/avr/4.5.1/avr5/libgcc.a(_epilogue.o)
                0x0000283a                __epilogue_restores__
                0x00002870                . = ALIGN (0x2)
 *(.fini9)
 .fini9         0x00002870        0x0 /usr/local/CrossPack-AVR-20120217/lib/gcc/avr/4.5.1/avr5/libgcc.a(_exit.o)
                0x00002870                exit
                0x00002870                _exit
 *(.fini9)
 *(.fini8)
 *(.fini8)
 *(.fini7)
 *(.fini7)
 *(.fini6)
 .fini6         0x00002870       0x16 /usr/local/CrossPack-AVR-20120217/lib/gcc/avr/4.5.1/avr5/libgcc.a(_dtors.o)
                0x00002870                __do_global_dtors
 *(.fini6)
 *(.fini5)
 *(.fini5)
 *(.fini4)
 *(.fini4)
 *(.fini3)
 *(.fini3)
 *(.fini2)
 *(.fini2)
 *(.fini1)
 *(.fini1)
 *(.fini0)
 .fini0         0x00002886        0x4 /usr/local/CrossPack-AVR-20120217/lib/gcc/avr/4.5.1/avr5/libgcc.a(_exit.o)
 *(.fini0)
                0x0000288a                _etext = .

.data           0x00800100      0x2b2 load address 0x0000288a
                0x00800100                PROVIDE (__data_start, .)
 *(.data)
 .data          0x00800100       0x21 ./src/main.o
 .data          0x00800121      0x260 ./shiftpwmlib/CShiftPWM.o
 .data          0x00800381        0x2 /Users/kleinen/Dropbox/Arduino/eclipse-workspace-3/ArduinoCore/328P_16MHz/libArduinoCore.a(Print.o)
 .data          0x00800383        0x6 /usr/local/CrossPack-AVR-20120217/lib/gcc/avr/4.5.1/../../../../avr/lib/avr5/libc.a(malloc.o)
                0x00800383                __malloc_margin
                0x00800385                __malloc_heap_start
                0x00800387                __malloc_heap_end
 .data          0x00800389        0x4 /usr/local/CrossPack-AVR-20120217/lib/gcc/avr/4.5.1/../../../../avr/lib/avr5/libc.a(random.o)
 *(.data*)
 .data.interval
                0x0080038d        0x4 ./src/main.o
                0x0080038d                interval
 .data.oneStep  0x00800391        0x4 ./src/main.o
                0x00800391                oneStep
 .data.lauflichtNumber
                0x00800395        0x1 ./src/main.o
                0x00800395                lauflichtNumber
 .data.filmInterval
                0x00800396        0x4 ./src/main.o
                0x00800396                filmInterval
 *(.rodata)
 *(.rodata*)
 .rodata._ZTV9Lauflicht
                0x0080039a        0x8 ./lib/Lauflicht.o
                0x0080039a                _ZTV9Lauflicht
 .rodata._ZTV14HardwareSerial
                0x008003a2       0x10 /Users/kleinen/Dropbox/Arduino/eclipse-workspace-3/ArduinoCore/328P_16MHz/libArduinoCore.a(HardwareSerial.o)
                0x008003a2                _ZTV14HardwareSerial
 *(.gnu.linkonce.d*)
                0x008003b2                . = ALIGN (0x2)
                0x008003b2                _edata = .
                0x008003b2                PROVIDE (__data_end, .)

.bss            0x008003b2      0x131
                0x008003b2                PROVIDE (__bss_start, .)
 *(.bss)
 *(.bss*)
 .bss.ShiftPWM  0x008003b2        0xd ./src/main.o
                0x008003b2                ShiftPWM
 .bss.currentFilmNumber
                0x008003bf        0x2 ./src/main.o
                0x008003bf                currentFilmNumber
 .bss.nextStep  0x008003c1        0x4 ./src/main.o
                0x008003c1                nextStep
 .bss.lauflichter
                0x008003c5       0x32 ./src/main.o
                0x008003c5                lauflichter
 .bss.leds      0x008003f7       0x30 ./src/main.o
                0x008003f7                leds
 .bss.lastFilmSwitch
                0x00800427        0x4 ./src/main.o
                0x00800427                lastFilmSwitch
 .bss.lastBlinkAtMillis
                0x0080042b        0x4 ./src/main.o
                0x0080042b                lastBlinkAtMillis
 .bss.rx_buffer
                0x0080042f       0x44 /Users/kleinen/Dropbox/Arduino/eclipse-workspace-3/ArduinoCore/328P_16MHz/libArduinoCore.a(HardwareSerial.o)
                0x0080042f                rx_buffer
 .bss.tx_buffer
                0x00800473       0x44 /Users/kleinen/Dropbox/Arduino/eclipse-workspace-3/ArduinoCore/328P_16MHz/libArduinoCore.a(HardwareSerial.o)
                0x00800473                tx_buffer
 .bss.Serial    0x008004b7       0x1f /Users/kleinen/Dropbox/Arduino/eclipse-workspace-3/ArduinoCore/328P_16MHz/libArduinoCore.a(HardwareSerial.o)
                0x008004b7                Serial
 .bss.timer0_overflow_count
                0x008004d6        0x4 /Users/kleinen/Dropbox/Arduino/eclipse-workspace-3/ArduinoCore/328P_16MHz/libArduinoCore.a(wiring.o)
                0x008004d6                timer0_overflow_count
 .bss.timer0_millis
                0x008004da        0x4 /Users/kleinen/Dropbox/Arduino/eclipse-workspace-3/ArduinoCore/328P_16MHz/libArduinoCore.a(wiring.o)
                0x008004da                timer0_millis
 .bss.timer0_fract
                0x008004de        0x1 /Users/kleinen/Dropbox/Arduino/eclipse-workspace-3/ArduinoCore/328P_16MHz/libArduinoCore.a(wiring.o)
 *(COMMON)
 COMMON         0x008004df        0x4 /usr/local/CrossPack-AVR-20120217/lib/gcc/avr/4.5.1/../../../../avr/lib/avr5/libc.a(malloc.o)
                0x008004df                __brkval
                0x008004e1                __flp
                0x008004e3                PROVIDE (__bss_end, .)
                0x0000288a                __data_load_start = LOADADDR (.data)
                0x00002b3c                __data_load_end = (__data_load_start + SIZEOF (.data))

.noinit         0x008004e3        0x0
                0x008004e3                PROVIDE (__noinit_start, .)
 *(.noinit*)
                0x008004e3                PROVIDE (__noinit_end, .)
                0x008004e3                _end = .
                0x008004e3                PROVIDE (__heap_start, .)

.eeprom         0x00810000        0x0
 *(.eeprom*)
                0x00810000                __eeprom_end = .

.fuse
 *(.fuse)
 *(.lfuse)
 *(.hfuse)
 *(.efuse)

.lock
 *(.lock*)

.signature
 *(.signature*)

.stab           0x00000000     0x8550
 *(.stab)
 .stab          0x00000000      0x6cc /usr/local/CrossPack-AVR-20120217/lib/gcc/avr/4.5.1/../../../../avr/lib/avr5/crtm328p.o
 .stab          0x000006cc      0xc6c ./src/main.o
                                0xdf8 (size before relaxing)
 .stab          0x00001338      0xb40 ./shiftpwmlib/CShiftPWM.o
                               0x1254 (size before relaxing)
 .stab          0x00001e78      0xb94 ./lib/BlinkenFilm.o
                                0xba0 (size before relaxing)
 .stab          0x00002a0c      0x378 ./lib/Lauflicht.o
                                0x3d8 (size before relaxing)
 .stab          0x00002d84      0x5e8 ./arduinolib/SPI.o
                                0x660 (size before relaxing)
 .stab          0x0000336c      0xa80 /Users/kleinen/Dropbox/Arduino/eclipse-workspace-3/ArduinoCore/328P_16MHz/libArduinoCore.a(HardwareSerial.o)
                                0xd2c (size before relaxing)
 .stab          0x00003dec      0xa80 /Users/kleinen/Dropbox/Arduino/eclipse-workspace-3/ArduinoCore/328P_16MHz/libArduinoCore.a(Print.o)
                               0x1110 (size before relaxing)
 .stab          0x0000486c      0x210 /Users/kleinen/Dropbox/Arduino/eclipse-workspace-3/ArduinoCore/328P_16MHz/libArduinoCore.a(WMath.o)
                                0x390 (size before relaxing)
 .stab          0x00004a7c      0x378 /Users/kleinen/Dropbox/Arduino/eclipse-workspace-3/ArduinoCore/328P_16MHz/libArduinoCore.a(WString.o)
                               0x23ac (size before relaxing)
 .stab          0x00004df4      0x204 /Users/kleinen/Dropbox/Arduino/eclipse-workspace-3/ArduinoCore/328P_16MHz/libArduinoCore.a(new.o)
                                0x300 (size before relaxing)
 .stab          0x00004ff8      0x864 /Users/kleinen/Dropbox/Arduino/eclipse-workspace-3/ArduinoCore/328P_16MHz/libArduinoCore.a(wiring.o)
                                0x8c4 (size before relaxing)
 .stab          0x0000585c      0x480 /Users/kleinen/Dropbox/Arduino/eclipse-workspace-3/ArduinoCore/328P_16MHz/libArduinoCore.a(wiring_digital.o)
                                0x930 (size before relaxing)
 .stab          0x00005cdc       0x78 /usr/local/CrossPack-AVR-20120217/lib/gcc/avr/4.5.1/../../../../avr/lib/avr5/libm.a(addsf3.o)
                                 0x84 (size before relaxing)
 .stab          0x00005d54      0x4bc /usr/local/CrossPack-AVR-20120217/lib/gcc/avr/4.5.1/../../../../avr/lib/avr5/libm.a(addsf3x.o)
                                0x4c8 (size before relaxing)
 .stab          0x00006210       0x90 /usr/local/CrossPack-AVR-20120217/lib/gcc/avr/4.5.1/../../../../avr/lib/avr5/libm.a(cmpsf2.o)
                                 0x9c (size before relaxing)
 .stab          0x000062a0       0x48 /usr/local/CrossPack-AVR-20120217/lib/gcc/avr/4.5.1/../../../../avr/lib/avr5/libm.a(divsf3.o)
                                 0x54 (size before relaxing)
 .stab          0x000062e8      0x510 /usr/local/CrossPack-AVR-20120217/lib/gcc/avr/4.5.1/../../../../avr/lib/avr5/libm.a(divsf3x.o)
                                0x51c (size before relaxing)
 .stab          0x000067f8       0x6c /usr/local/CrossPack-AVR-20120217/lib/gcc/avr/4.5.1/../../../../avr/lib/avr5/libm.a(fixsfsi.o)
                                 0x78 (size before relaxing)
 .stab          0x00006864      0x240 /usr/local/CrossPack-AVR-20120217/lib/gcc/avr/4.5.1/../../../../avr/lib/avr5/libm.a(fixunssfsi.o)
                                0x24c (size before relaxing)
 .stab          0x00006aa4      0x318 /usr/local/CrossPack-AVR-20120217/lib/gcc/avr/4.5.1/../../../../avr/lib/avr5/libm.a(floatsisf.o)
                                0x324 (size before relaxing)
 .stab          0x00006dbc      0x1e0 /usr/local/CrossPack-AVR-20120217/lib/gcc/avr/4.5.1/../../../../avr/lib/avr5/libm.a(fp_cmp.o)
                                0x1ec (size before relaxing)
 .stab          0x00006f9c       0x78 /usr/local/CrossPack-AVR-20120217/lib/gcc/avr/4.5.1/../../../../avr/lib/avr5/libm.a(fp_inf.o)
                                 0x84 (size before relaxing)
 .stab          0x00007014       0x54 /usr/local/CrossPack-AVR-20120217/lib/gcc/avr/4.5.1/../../../../avr/lib/avr5/libm.a(fp_nan.o)
                                 0x60 (size before relaxing)
 .stab          0x00007068       0x84 /usr/local/CrossPack-AVR-20120217/lib/gcc/avr/4.5.1/../../../../avr/lib/avr5/libm.a(fp_pscA.o)
                                 0x90 (size before relaxing)
 .stab          0x000070ec       0x84 /usr/local/CrossPack-AVR-20120217/lib/gcc/avr/4.5.1/../../../../avr/lib/avr5/libm.a(fp_pscB.o)
                                 0x90 (size before relaxing)
 .stab          0x00007170       0xfc /usr/local/CrossPack-AVR-20120217/lib/gcc/avr/4.5.1/../../../../avr/lib/avr5/libm.a(fp_round.o)
                                0x108 (size before relaxing)
 .stab          0x0000726c      0x1d4 /usr/local/CrossPack-AVR-20120217/lib/gcc/avr/4.5.1/../../../../avr/lib/avr5/libm.a(fp_split3.o)
                                0x1e0 (size before relaxing)
 .stab          0x00007440       0x90 /usr/local/CrossPack-AVR-20120217/lib/gcc/avr/4.5.1/../../../../avr/lib/avr5/libm.a(fp_zero.o)
                                 0x9c (size before relaxing)
 .stab          0x000074d0       0x6c /usr/local/CrossPack-AVR-20120217/lib/gcc/avr/4.5.1/../../../../avr/lib/avr5/libm.a(gesf2.o)
                                 0x78 (size before relaxing)
 .stab          0x0000753c       0x48 /usr/local/CrossPack-AVR-20120217/lib/gcc/avr/4.5.1/../../../../avr/lib/avr5/libm.a(mulsf3.o)
                                 0x54 (size before relaxing)
 .stab          0x00007584      0x4d4 /usr/local/CrossPack-AVR-20120217/lib/gcc/avr/4.5.1/../../../../avr/lib/avr5/libm.a(mulsf3x.o)
                                0x4e0 (size before relaxing)
 .stab          0x00007a58      0x1e0 /usr/local/CrossPack-AVR-20120217/lib/gcc/avr/4.5.1/../../../../avr/lib/avr5/libc.a(atol.o)
                                0x1ec (size before relaxing)
 .stab          0x00007c38       0x18 /usr/local/CrossPack-AVR-20120217/lib/gcc/avr/4.5.1/../../../../avr/lib/avr5/libc.a(isspace.o)
                                 0xa8 (size before relaxing)
 .stab          0x00007c50       0x18 /usr/local/CrossPack-AVR-20120217/lib/gcc/avr/4.5.1/../../../../avr/lib/avr5/libc.a(tolower.o)
                                 0xa8 (size before relaxing)
 .stab          0x00007c68       0x18 /usr/local/CrossPack-AVR-20120217/lib/gcc/avr/4.5.1/../../../../avr/lib/avr5/libc.a(toupper.o)
                                 0xa8 (size before relaxing)
 .stab          0x00007c80       0x84 /usr/local/CrossPack-AVR-20120217/lib/gcc/avr/4.5.1/../../../../avr/lib/avr5/libc.a(memcpy.o)
                                 0x90 (size before relaxing)
 .stab          0x00007d04       0xe4 /usr/local/CrossPack-AVR-20120217/lib/gcc/avr/4.5.1/../../../../avr/lib/avr5/libc.a(memmove.o)
                                 0xf0 (size before relaxing)
 .stab          0x00007de8       0x9c /usr/local/CrossPack-AVR-20120217/lib/gcc/avr/4.5.1/../../../../avr/lib/avr5/libc.a(strchr.o)
                                 0xa8 (size before relaxing)
 .stab          0x00007e84       0x84 /usr/local/CrossPack-AVR-20120217/lib/gcc/avr/4.5.1/../../../../avr/lib/avr5/libc.a(strcmp.o)
                                 0x90 (size before relaxing)
 .stab          0x00007f08       0x6c /usr/local/CrossPack-AVR-20120217/lib/gcc/avr/4.5.1/../../../../avr/lib/avr5/libc.a(strcpy.o)
                                 0x78 (size before relaxing)
 .stab          0x00007f74       0xc0 /usr/local/CrossPack-AVR-20120217/lib/gcc/avr/4.5.1/../../../../avr/lib/avr5/libc.a(strncmp.o)
                                 0xcc (size before relaxing)
 .stab          0x00008034       0xcc /usr/local/CrossPack-AVR-20120217/lib/gcc/avr/4.5.1/../../../../avr/lib/avr5/libc.a(strncpy.o)
                                 0xd8 (size before relaxing)
 .stab          0x00008100       0x9c /usr/local/CrossPack-AVR-20120217/lib/gcc/avr/4.5.1/../../../../avr/lib/avr5/libc.a(strrchr.o)
                                 0xa8 (size before relaxing)
 .stab          0x0000819c      0x150 /usr/local/CrossPack-AVR-20120217/lib/gcc/avr/4.5.1/../../../../avr/lib/avr5/libc.a(strstr.o)
                                0x15c (size before relaxing)
 .stab          0x000082ec       0x18 /usr/local/CrossPack-AVR-20120217/lib/gcc/avr/4.5.1/../../../../avr/lib/avr5/libc.a(itoa.o)
                                0x1bc (size before relaxing)
 .stab          0x00008304       0x18 /usr/local/CrossPack-AVR-20120217/lib/gcc/avr/4.5.1/../../../../avr/lib/avr5/libc.a(ltoa.o)
                                0x2a0 (size before relaxing)
 .stab          0x0000831c      0x114 /usr/local/CrossPack-AVR-20120217/lib/gcc/avr/4.5.1/../../../../avr/lib/avr5/libc.a(mulsi10.o)
                                0x120 (size before relaxing)
 .stab          0x00008430       0x18 /usr/local/CrossPack-AVR-20120217/lib/gcc/avr/4.5.1/../../../../avr/lib/avr5/libc.a(ultoa.o)
                                0x1ec (size before relaxing)
 .stab          0x00008448       0x18 /usr/local/CrossPack-AVR-20120217/lib/gcc/avr/4.5.1/../../../../avr/lib/avr5/libc.a(utoa.o)
                                0x138 (size before relaxing)
 .stab          0x00008460       0x18 /usr/local/CrossPack-AVR-20120217/lib/gcc/avr/4.5.1/../../../../avr/lib/avr5/libc.a(cty_isfalse.o)
                                 0x6c (size before relaxing)
 .stab          0x00008478       0xd8 /usr/local/CrossPack-AVR-20120217/lib/gcc/avr/4.5.1/../../../../avr/lib/avr5/libc.a(strrev.o)
                                 0xe4 (size before relaxing)

.stabstr        0x00000000     0x614a
 *(.stabstr)
 .stabstr       0x00000000     0x614a /usr/local/CrossPack-AVR-20120217/lib/gcc/avr/4.5.1/../../../../avr/lib/avr5/crtm328p.o

.stab.excl
 *(.stab.excl)

.stab.exclstr
 *(.stab.exclstr)

.stab.index
 *(.stab.index)

.stab.indexstr
 *(.stab.indexstr)

.comment
 *(.comment)

.debug
 *(.debug)

.line
 *(.line)

.debug_srcinfo
 *(.debug_srcinfo)

.debug_sfnames
 *(.debug_sfnames)

.debug_aranges  0x00000000       0x80
 *(.debug_aranges)
 .debug_aranges
                0x00000000       0x28 /usr/local/CrossPack-AVR-20120217/lib/gcc/avr/4.5.1/../../../../avr/lib/avr5/libc.a(malloc.o)
 .debug_aranges
                0x00000028       0x38 /usr/local/CrossPack-AVR-20120217/lib/gcc/avr/4.5.1/../../../../avr/lib/avr5/libc.a(random.o)
 .debug_aranges
                0x00000060       0x20 /usr/local/CrossPack-AVR-20120217/lib/gcc/avr/4.5.1/../../../../avr/lib/avr5/libc.a(realloc.o)

.debug_pubnames
                0x00000000       0xd3
 *(.debug_pubnames)
 .debug_pubnames
                0x00000000       0x7f /usr/local/CrossPack-AVR-20120217/lib/gcc/avr/4.5.1/../../../../avr/lib/avr5/libc.a(malloc.o)
 .debug_pubnames
                0x0000007f       0x36 /usr/local/CrossPack-AVR-20120217/lib/gcc/avr/4.5.1/../../../../avr/lib/avr5/libc.a(random.o)
 .debug_pubnames
                0x000000b5       0x1e /usr/local/CrossPack-AVR-20120217/lib/gcc/avr/4.5.1/../../../../avr/lib/avr5/libc.a(realloc.o)

.debug_info     0x00000000      0x5a2
 *(.debug_info)
 .debug_info    0x00000000      0x29a /usr/local/CrossPack-AVR-20120217/lib/gcc/avr/4.5.1/../../../../avr/lib/avr5/libc.a(malloc.o)
 .debug_info    0x0000029a      0x12a /usr/local/CrossPack-AVR-20120217/lib/gcc/avr/4.5.1/../../../../avr/lib/avr5/libc.a(random.o)
 .debug_info    0x000003c4      0x1de /usr/local/CrossPack-AVR-20120217/lib/gcc/avr/4.5.1/../../../../avr/lib/avr5/libc.a(realloc.o)
 *(.gnu.linkonce.wi.*)

.debug_abbrev   0x00000000      0x295
 *(.debug_abbrev)
 .debug_abbrev  0x00000000       0xf7 /usr/local/CrossPack-AVR-20120217/lib/gcc/avr/4.5.1/../../../../avr/lib/avr5/libc.a(malloc.o)
 .debug_abbrev  0x000000f7       0xcf /usr/local/CrossPack-AVR-20120217/lib/gcc/avr/4.5.1/../../../../avr/lib/avr5/libc.a(random.o)
 .debug_abbrev  0x000001c6       0xcf /usr/local/CrossPack-AVR-20120217/lib/gcc/avr/4.5.1/../../../../avr/lib/avr5/libc.a(realloc.o)

.debug_line     0x00000000      0x6de
 *(.debug_line)
 .debug_line    0x00000000      0x348 /usr/local/CrossPack-AVR-20120217/lib/gcc/avr/4.5.1/../../../../avr/lib/avr5/libc.a(malloc.o)
 .debug_line    0x00000348      0x11f /usr/local/CrossPack-AVR-20120217/lib/gcc/avr/4.5.1/../../../../avr/lib/avr5/libc.a(random.o)
 .debug_line    0x00000467      0x277 /usr/local/CrossPack-AVR-20120217/lib/gcc/avr/4.5.1/../../../../avr/lib/avr5/libc.a(realloc.o)

.debug_frame    0x00000000       0xa0
 *(.debug_frame)
 .debug_frame   0x00000000       0x30 /usr/local/CrossPack-AVR-20120217/lib/gcc/avr/4.5.1/../../../../avr/lib/avr5/libc.a(malloc.o)
 .debug_frame   0x00000030       0x50 /usr/local/CrossPack-AVR-20120217/lib/gcc/avr/4.5.1/../../../../avr/lib/avr5/libc.a(random.o)
 .debug_frame   0x00000080       0x20 /usr/local/CrossPack-AVR-20120217/lib/gcc/avr/4.5.1/../../../../avr/lib/avr5/libc.a(realloc.o)

.debug_str      0x00000000      0x1d2
 *(.debug_str)
 .debug_str     0x00000000      0x159 /usr/local/CrossPack-AVR-20120217/lib/gcc/avr/4.5.1/../../../../avr/lib/avr5/libc.a(malloc.o)
                                0x192 (size before relaxing)
 .debug_str     0x00000159       0x43 /usr/local/CrossPack-AVR-20120217/lib/gcc/avr/4.5.1/../../../../avr/lib/avr5/libc.a(random.o)
                                 0xda (size before relaxing)
 .debug_str     0x0000019c       0x36 /usr/local/CrossPack-AVR-20120217/lib/gcc/avr/4.5.1/../../../../avr/lib/avr5/libc.a(realloc.o)
                                0x156 (size before relaxing)

.debug_loc      0x00000000      0x88d
 *(.debug_loc)
 .debug_loc     0x00000000      0x429 /usr/local/CrossPack-AVR-20120217/lib/gcc/avr/4.5.1/../../../../avr/lib/avr5/libc.a(malloc.o)
 .debug_loc     0x00000429      0x130 /usr/local/CrossPack-AVR-20120217/lib/gcc/avr/4.5.1/../../../../avr/lib/avr5/libc.a(random.o)
 .debug_loc     0x00000559      0x334 /usr/local/CrossPack-AVR-20120217/lib/gcc/avr/4.5.1/../../../../avr/lib/avr5/libc.a(realloc.o)

.debug_macinfo
 *(.debug_macinfo)
OUTPUT(BlinkenPu.elf elf32-avr)
LOAD linker stubs

.debug_pubtypes
                0x00000000       0x84
 .debug_pubtypes
                0x00000000       0x39 /usr/local/CrossPack-AVR-20120217/lib/gcc/avr/4.5.1/../../../../avr/lib/avr5/libc.a(malloc.o)
 .debug_pubtypes
                0x00000039       0x12 /usr/local/CrossPack-AVR-20120217/lib/gcc/avr/4.5.1/../../../../avr/lib/avr5/libc.a(random.o)
 .debug_pubtypes
                0x0000004b       0x39 /usr/local/CrossPack-AVR-20120217/lib/gcc/avr/4.5.1/../../../../avr/lib/avr5/libc.a(realloc.o)

.debug_ranges   0x00000000       0x50
 .debug_ranges  0x00000000       0x18 /usr/local/CrossPack-AVR-20120217/lib/gcc/avr/4.5.1/../../../../avr/lib/avr5/libc.a(malloc.o)
 .debug_ranges  0x00000018       0x28 /usr/local/CrossPack-AVR-20120217/lib/gcc/avr/4.5.1/../../../../avr/lib/avr5/libc.a(random.o)
 .debug_ranges  0x00000040       0x10 /usr/local/CrossPack-AVR-20120217/lib/gcc/avr/4.5.1/../../../../avr/lib/avr5/libc.a(realloc.o)

Cross Reference Table

Symbol                                            File
CShiftPWM::CShiftPWM(int)                         ./shiftpwmlib/CShiftPWM.o
                                                  ./src/main.o
CShiftPWM::CShiftPWM(int)                         ./shiftpwmlib/CShiftPWM.o
CShiftPWM::InitTimer1()                           ./shiftpwmlib/CShiftPWM.o
CShiftPWM::InitTimer2()                           ./shiftpwmlib/CShiftPWM.o
CShiftPWM::IsValidPin(int)                        ./shiftpwmlib/CShiftPWM.o
CShiftPWM::LoadNotTooHigh()                       ./shiftpwmlib/CShiftPWM.o
CShiftPWM::OneByOneFast()                         ./shiftpwmlib/CShiftPWM.o
                                                  ./src/main.o
CShiftPWM::OneByOneSlow()                         ./shiftpwmlib/CShiftPWM.o
                                                  ./src/main.o
CShiftPWM::OneByOne_core(int)                     ./shiftpwmlib/CShiftPWM.o
CShiftPWM::PrintInterruptLoad()                   ./shiftpwmlib/CShiftPWM.o
                                                  ./src/main.o
CShiftPWM::SetAll(unsigned char)                  ./shiftpwmlib/CShiftPWM.o
                                                  ./src/main.o
CShiftPWM::SetAmountOfRegisters(unsigned char)    ./shiftpwmlib/CShiftPWM.o
                                                  ./src/main.o
CShiftPWM::SetGroupOf2(int, unsigned char, unsigned char) ./shiftpwmlib/CShiftPWM.o
CShiftPWM::SetGroupOf3(int, unsigned char, unsigned char, unsigned char) ./shiftpwmlib/CShiftPWM.o
CShiftPWM::SetGroupOf4(int, unsigned char, unsigned char, unsigned char, unsigned char) ./shiftpwmlib/CShiftPWM.o
CShiftPWM::SetGroupOf5(int, unsigned char, unsigned char, unsigned char, unsigned char, unsigned char) ./shiftpwmlib/CShiftPWM.o
CShiftPWM::SetOne(int, unsigned char)             ./shiftpwmlib/CShiftPWM.o
                                                  ./src/main.o
CShiftPWM::Start(int, unsigned char)              ./shiftpwmlib/CShiftPWM.o
                                                  ./src/main.o
CShiftPWM::~CShiftPWM()                           ./shiftpwmlib/CShiftPWM.o
                                                  ./src/main.o
CShiftPWM::~CShiftPWM()                           ./shiftpwmlib/CShiftPWM.o
HardwareSerial::HardwareSerial(ring_buffer*, ring_buffer*, unsigned char volatile*, unsigned char volatile*, unsigned char volatile*, unsigned char volatile*, unsigned char volatile*, unsigned char, unsigned char, unsigned char, unsigned char, unsigned char) /Users/kleinen/Dropbox/Arduino/eclipse-workspace-3/ArduinoCore/328P_16MHz/libArduinoCore.a(HardwareSerial.o)
HardwareSerial::HardwareSerial(ring_buffer*, ring_buffer*, unsigned char volatile*, unsigned char volatile*, unsigned char volatile*, unsigned char volatile*, unsigned char volatile*, unsigned char, unsigned char, unsigned char, unsigned char, unsigned char) /Users/kleinen/Dropbox/Arduino/eclipse-workspace-3/ArduinoCore/328P_16MHz/libArduinoCore.a(HardwareSerial.o)
HardwareSerial::available()                       /Users/kleinen/Dropbox/Arduino/eclipse-workspace-3/ArduinoCore/328P_16MHz/libArduinoCore.a(HardwareSerial.o)
HardwareSerial::begin(unsigned long)              /Users/kleinen/Dropbox/Arduino/eclipse-workspace-3/ArduinoCore/328P_16MHz/libArduinoCore.a(HardwareSerial.o)
                                                  ./src/main.o
HardwareSerial::end()                             /Users/kleinen/Dropbox/Arduino/eclipse-workspace-3/ArduinoCore/328P_16MHz/libArduinoCore.a(HardwareSerial.o)
HardwareSerial::flush()                           /Users/kleinen/Dropbox/Arduino/eclipse-workspace-3/ArduinoCore/328P_16MHz/libArduinoCore.a(HardwareSerial.o)
HardwareSerial::peek()                            /Users/kleinen/Dropbox/Arduino/eclipse-workspace-3/ArduinoCore/328P_16MHz/libArduinoCore.a(HardwareSerial.o)
HardwareSerial::read()                            /Users/kleinen/Dropbox/Arduino/eclipse-workspace-3/ArduinoCore/328P_16MHz/libArduinoCore.a(HardwareSerial.o)
HardwareSerial::write(unsigned char)              /Users/kleinen/Dropbox/Arduino/eclipse-workspace-3/ArduinoCore/328P_16MHz/libArduinoCore.a(HardwareSerial.o)
Lauflicht::Lauflicht()                            ./lib/Lauflicht.o
                                                  ./src/main.o
Lauflicht::Lauflicht()                            ./lib/Lauflicht.o
Lauflicht::Lauflicht(char, char)                  ./lib/Lauflicht.o
Lauflicht::Lauflicht(char, char)                  ./lib/Lauflicht.o
                                                  ./lib/BlinkenFilm.o
Lauflicht::advance()                              ./lib/Lauflicht.o
                                                  ./lib/BlinkenFilm.o
Lauflicht::getLastPosition()                      ./lib/Lauflicht.o
                                                  ./lib/BlinkenFilm.o
Lauflicht::getPosition()                          ./lib/Lauflicht.o
                                                  ./lib/BlinkenFilm.o
Lauflicht::setDirection(char)                     ./lib/Lauflicht.o
Lauflicht::~Lauflicht()                           ./lib/Lauflicht.o
                                                  ./lib/BlinkenFilm.o
Lauflicht::~Lauflicht()                           ./lib/Lauflicht.o
Lauflicht::~Lauflicht()                           ./lib/Lauflicht.o
Print::print(Printable const&)                    /Users/kleinen/Dropbox/Arduino/eclipse-workspace-3/ArduinoCore/328P_16MHz/libArduinoCore.a(Print.o)
Print::print(String const&)                       /Users/kleinen/Dropbox/Arduino/eclipse-workspace-3/ArduinoCore/328P_16MHz/libArduinoCore.a(Print.o)
Print::print(__FlashStringHelper const*)          /Users/kleinen/Dropbox/Arduino/eclipse-workspace-3/ArduinoCore/328P_16MHz/libArduinoCore.a(Print.o)
Print::print(char const*)                         /Users/kleinen/Dropbox/Arduino/eclipse-workspace-3/ArduinoCore/328P_16MHz/libArduinoCore.a(Print.o)
                                                  ./shiftpwmlib/CShiftPWM.o
                                                  ./src/main.o
Print::print(char)                                /Users/kleinen/Dropbox/Arduino/eclipse-workspace-3/ArduinoCore/328P_16MHz/libArduinoCore.a(Print.o)
Print::print(double, int)                         /Users/kleinen/Dropbox/Arduino/eclipse-workspace-3/ArduinoCore/328P_16MHz/libArduinoCore.a(Print.o)
                                                  ./shiftpwmlib/CShiftPWM.o
Print::print(int, int)                            /Users/kleinen/Dropbox/Arduino/eclipse-workspace-3/ArduinoCore/328P_16MHz/libArduinoCore.a(Print.o)
                                                  ./shiftpwmlib/CShiftPWM.o
Print::print(long, int)                           /Users/kleinen/Dropbox/Arduino/eclipse-workspace-3/ArduinoCore/328P_16MHz/libArduinoCore.a(Print.o)
Print::print(unsigned char, int)                  /Users/kleinen/Dropbox/Arduino/eclipse-workspace-3/ArduinoCore/328P_16MHz/libArduinoCore.a(Print.o)
Print::print(unsigned int, int)                   /Users/kleinen/Dropbox/Arduino/eclipse-workspace-3/ArduinoCore/328P_16MHz/libArduinoCore.a(Print.o)
Print::print(unsigned long, int)                  /Users/kleinen/Dropbox/Arduino/eclipse-workspace-3/ArduinoCore/328P_16MHz/libArduinoCore.a(Print.o)
Print::printFloat(double, unsigned char)          /Users/kleinen/Dropbox/Arduino/eclipse-workspace-3/ArduinoCore/328P_16MHz/libArduinoCore.a(Print.o)
Print::printNumber(unsigned long, unsigned char)  /Users/kleinen/Dropbox/Arduino/eclipse-workspace-3/ArduinoCore/328P_16MHz/libArduinoCore.a(Print.o)
Print::println()                                  /Users/kleinen/Dropbox/Arduino/eclipse-workspace-3/ArduinoCore/328P_16MHz/libArduinoCore.a(Print.o)
Print::println(Printable const&)                  /Users/kleinen/Dropbox/Arduino/eclipse-workspace-3/ArduinoCore/328P_16MHz/libArduinoCore.a(Print.o)
Print::println(String const&)                     /Users/kleinen/Dropbox/Arduino/eclipse-workspace-3/ArduinoCore/328P_16MHz/libArduinoCore.a(Print.o)
Print::println(__FlashStringHelper const*)        /Users/kleinen/Dropbox/Arduino/eclipse-workspace-3/ArduinoCore/328P_16MHz/libArduinoCore.a(Print.o)
Print::println(char const*)                       /Users/kleinen/Dropbox/Arduino/eclipse-workspace-3/ArduinoCore/328P_16MHz/libArduinoCore.a(Print.o)
                                                  ./shiftpwmlib/CShiftPWM.o
                                                  ./src/main.o
Print::println(char)                              /Users/kleinen/Dropbox/Arduino/eclipse-workspace-3/ArduinoCore/328P_16MHz/libArduinoCore.a(Print.o)
Print::println(double, int)                       /Users/kleinen/Dropbox/Arduino/eclipse-workspace-3/ArduinoCore/328P_16MHz/libArduinoCore.a(Print.o)
                                                  ./shiftpwmlib/CShiftPWM.o
Print::println(int, int)                          /Users/kleinen/Dropbox/Arduino/eclipse-workspace-3/ArduinoCore/328P_16MHz/libArduinoCore.a(Print.o)
                                                  ./shiftpwmlib/CShiftPWM.o
                                                  ./src/main.o
Print::println(long, int)                         /Users/kleinen/Dropbox/Arduino/eclipse-workspace-3/ArduinoCore/328P_16MHz/libArduinoCore.a(Print.o)
Print::println(unsigned char, int)                /Users/kleinen/Dropbox/Arduino/eclipse-workspace-3/ArduinoCore/328P_16MHz/libArduinoCore.a(Print.o)
                                                  ./shiftpwmlib/CShiftPWM.o
Print::println(unsigned int, int)                 /Users/kleinen/Dropbox/Arduino/eclipse-workspace-3/ArduinoCore/328P_16MHz/libArduinoCore.a(Print.o)
                                                  ./shiftpwmlib/CShiftPWM.o
Print::println(unsigned long, int)                /Users/kleinen/Dropbox/Arduino/eclipse-workspace-3/ArduinoCore/328P_16MHz/libArduinoCore.a(Print.o)
Print::write(char const*)                         /Users/kleinen/Dropbox/Arduino/eclipse-workspace-3/ArduinoCore/328P_16MHz/libArduinoCore.a(Print.o)
Print::write(unsigned char const*, unsigned int)  /Users/kleinen/Dropbox/Arduino/eclipse-workspace-3/ArduinoCore/328P_16MHz/libArduinoCore.a(Print.o)
                                                  /Users/kleinen/Dropbox/Arduino/eclipse-workspace-3/ArduinoCore/328P_16MHz/libArduinoCore.a(HardwareSerial.o)
SPI                                               ./arduinolib/SPI.o
SPIClass::begin()                                 ./arduinolib/SPI.o
                                                  ./src/main.o
SPIClass::end()                                   ./arduinolib/SPI.o
SPIClass::setBitOrder(unsigned char)              ./arduinolib/SPI.o
                                                  ./src/main.o
SPIClass::setClockDivider(unsigned char)          ./arduinolib/SPI.o
                                                  ./src/main.o
SPIClass::setDataMode(unsigned char)              ./arduinolib/SPI.o
Serial                                            /Users/kleinen/Dropbox/Arduino/eclipse-workspace-3/ArduinoCore/328P_16MHz/libArduinoCore.a(HardwareSerial.o)
                                                  ./shiftpwmlib/CShiftPWM.o
                                                  ./src/main.o
ShiftPWM                                          ./src/main.o
String::String(String const&)                     /Users/kleinen/Dropbox/Arduino/eclipse-workspace-3/ArduinoCore/328P_16MHz/libArduinoCore.a(WString.o)
String::String(String const&)                     /Users/kleinen/Dropbox/Arduino/eclipse-workspace-3/ArduinoCore/328P_16MHz/libArduinoCore.a(WString.o)
String::String(char const*)                       /Users/kleinen/Dropbox/Arduino/eclipse-workspace-3/ArduinoCore/328P_16MHz/libArduinoCore.a(WString.o)
String::String(char const*)                       /Users/kleinen/Dropbox/Arduino/eclipse-workspace-3/ArduinoCore/328P_16MHz/libArduinoCore.a(WString.o)
String::String(char)                              /Users/kleinen/Dropbox/Arduino/eclipse-workspace-3/ArduinoCore/328P_16MHz/libArduinoCore.a(WString.o)
String::String(char)                              /Users/kleinen/Dropbox/Arduino/eclipse-workspace-3/ArduinoCore/328P_16MHz/libArduinoCore.a(WString.o)
String::String(int, unsigned char)                /Users/kleinen/Dropbox/Arduino/eclipse-workspace-3/ArduinoCore/328P_16MHz/libArduinoCore.a(WString.o)
String::String(int, unsigned char)                /Users/kleinen/Dropbox/Arduino/eclipse-workspace-3/ArduinoCore/328P_16MHz/libArduinoCore.a(WString.o)
String::String(long, unsigned char)               /Users/kleinen/Dropbox/Arduino/eclipse-workspace-3/ArduinoCore/328P_16MHz/libArduinoCore.a(WString.o)
String::String(long, unsigned char)               /Users/kleinen/Dropbox/Arduino/eclipse-workspace-3/ArduinoCore/328P_16MHz/libArduinoCore.a(WString.o)
String::String(unsigned char, unsigned char)      /Users/kleinen/Dropbox/Arduino/eclipse-workspace-3/ArduinoCore/328P_16MHz/libArduinoCore.a(WString.o)
String::String(unsigned char, unsigned char)      /Users/kleinen/Dropbox/Arduino/eclipse-workspace-3/ArduinoCore/328P_16MHz/libArduinoCore.a(WString.o)
String::String(unsigned int, unsigned char)       /Users/kleinen/Dropbox/Arduino/eclipse-workspace-3/ArduinoCore/328P_16MHz/libArduinoCore.a(WString.o)
String::String(unsigned int, unsigned char)       /Users/kleinen/Dropbox/Arduino/eclipse-workspace-3/ArduinoCore/328P_16MHz/libArduinoCore.a(WString.o)
String::String(unsigned long, unsigned char)      /Users/kleinen/Dropbox/Arduino/eclipse-workspace-3/ArduinoCore/328P_16MHz/libArduinoCore.a(WString.o)
String::String(unsigned long, unsigned char)      /Users/kleinen/Dropbox/Arduino/eclipse-workspace-3/ArduinoCore/328P_16MHz/libArduinoCore.a(WString.o)
String::changeBuffer(unsigned int)                /Users/kleinen/Dropbox/Arduino/eclipse-workspace-3/ArduinoCore/328P_16MHz/libArduinoCore.a(WString.o)
String::charAt(unsigned int) const                /Users/kleinen/Dropbox/Arduino/eclipse-workspace-3/ArduinoCore/328P_16MHz/libArduinoCore.a(WString.o)
String::compareTo(String const&) const            /Users/kleinen/Dropbox/Arduino/eclipse-workspace-3/ArduinoCore/328P_16MHz/libArduinoCore.a(WString.o)
String::concat(String const&)                     /Users/kleinen/Dropbox/Arduino/eclipse-workspace-3/ArduinoCore/328P_16MHz/libArduinoCore.a(WString.o)
String::concat(char const*)                       /Users/kleinen/Dropbox/Arduino/eclipse-workspace-3/ArduinoCore/328P_16MHz/libArduinoCore.a(WString.o)
String::concat(char const*, unsigned int)         /Users/kleinen/Dropbox/Arduino/eclipse-workspace-3/ArduinoCore/328P_16MHz/libArduinoCore.a(WString.o)
String::concat(char)                              /Users/kleinen/Dropbox/Arduino/eclipse-workspace-3/ArduinoCore/328P_16MHz/libArduinoCore.a(WString.o)
String::concat(int)                               /Users/kleinen/Dropbox/Arduino/eclipse-workspace-3/ArduinoCore/328P_16MHz/libArduinoCore.a(WString.o)
String::concat(long)                              /Users/kleinen/Dropbox/Arduino/eclipse-workspace-3/ArduinoCore/328P_16MHz/libArduinoCore.a(WString.o)
String::concat(unsigned char)                     /Users/kleinen/Dropbox/Arduino/eclipse-workspace-3/ArduinoCore/328P_16MHz/libArduinoCore.a(WString.o)
String::concat(unsigned int)                      /Users/kleinen/Dropbox/Arduino/eclipse-workspace-3/ArduinoCore/328P_16MHz/libArduinoCore.a(WString.o)
String::concat(unsigned long)                     /Users/kleinen/Dropbox/Arduino/eclipse-workspace-3/ArduinoCore/328P_16MHz/libArduinoCore.a(WString.o)
String::copy(char const*, unsigned int)           /Users/kleinen/Dropbox/Arduino/eclipse-workspace-3/ArduinoCore/328P_16MHz/libArduinoCore.a(WString.o)
String::endsWith(String const&) const             /Users/kleinen/Dropbox/Arduino/eclipse-workspace-3/ArduinoCore/328P_16MHz/libArduinoCore.a(WString.o)
String::equals(String const&) const               /Users/kleinen/Dropbox/Arduino/eclipse-workspace-3/ArduinoCore/328P_16MHz/libArduinoCore.a(WString.o)
String::equals(char const*) const                 /Users/kleinen/Dropbox/Arduino/eclipse-workspace-3/ArduinoCore/328P_16MHz/libArduinoCore.a(WString.o)
String::equalsIgnoreCase(String const&) const     /Users/kleinen/Dropbox/Arduino/eclipse-workspace-3/ArduinoCore/328P_16MHz/libArduinoCore.a(WString.o)
String::getBytes(unsigned char*, unsigned int, unsigned int) const /Users/kleinen/Dropbox/Arduino/eclipse-workspace-3/ArduinoCore/328P_16MHz/libArduinoCore.a(WString.o)
String::indexOf(String const&) const              /Users/kleinen/Dropbox/Arduino/eclipse-workspace-3/ArduinoCore/328P_16MHz/libArduinoCore.a(WString.o)
String::indexOf(String const&, unsigned int) const /Users/kleinen/Dropbox/Arduino/eclipse-workspace-3/ArduinoCore/328P_16MHz/libArduinoCore.a(WString.o)
String::indexOf(char) const                       /Users/kleinen/Dropbox/Arduino/eclipse-workspace-3/ArduinoCore/328P_16MHz/libArduinoCore.a(WString.o)
String::indexOf(char, unsigned int) const         /Users/kleinen/Dropbox/Arduino/eclipse-workspace-3/ArduinoCore/328P_16MHz/libArduinoCore.a(WString.o)
String::invalidate()                              /Users/kleinen/Dropbox/Arduino/eclipse-workspace-3/ArduinoCore/328P_16MHz/libArduinoCore.a(WString.o)
String::lastIndexOf(String const&) const          /Users/kleinen/Dropbox/Arduino/eclipse-workspace-3/ArduinoCore/328P_16MHz/libArduinoCore.a(WString.o)
String::lastIndexOf(String const&, unsigned int) const /Users/kleinen/Dropbox/Arduino/eclipse-workspace-3/ArduinoCore/328P_16MHz/libArduinoCore.a(WString.o)
String::lastIndexOf(char) const                   /Users/kleinen/Dropbox/Arduino/eclipse-workspace-3/ArduinoCore/328P_16MHz/libArduinoCore.a(WString.o)
String::lastIndexOf(char, unsigned int) const     /Users/kleinen/Dropbox/Arduino/eclipse-workspace-3/ArduinoCore/328P_16MHz/libArduinoCore.a(WString.o)
String::operator<(String const&) const            /Users/kleinen/Dropbox/Arduino/eclipse-workspace-3/ArduinoCore/328P_16MHz/libArduinoCore.a(WString.o)
String::operator<=(String const&) const           /Users/kleinen/Dropbox/Arduino/eclipse-workspace-3/ArduinoCore/328P_16MHz/libArduinoCore.a(WString.o)
String::operator=(String const&)                  /Users/kleinen/Dropbox/Arduino/eclipse-workspace-3/ArduinoCore/328P_16MHz/libArduinoCore.a(WString.o)
String::operator=(char const*)                    /Users/kleinen/Dropbox/Arduino/eclipse-workspace-3/ArduinoCore/328P_16MHz/libArduinoCore.a(WString.o)
String::operator>(String const&) const            /Users/kleinen/Dropbox/Arduino/eclipse-workspace-3/ArduinoCore/328P_16MHz/libArduinoCore.a(WString.o)
String::operator>=(String const&) const           /Users/kleinen/Dropbox/Arduino/eclipse-workspace-3/ArduinoCore/328P_16MHz/libArduinoCore.a(WString.o)
String::operator[](unsigned int)                  /Users/kleinen/Dropbox/Arduino/eclipse-workspace-3/ArduinoCore/328P_16MHz/libArduinoCore.a(WString.o)
String::operator[](unsigned int) const            /Users/kleinen/Dropbox/Arduino/eclipse-workspace-3/ArduinoCore/328P_16MHz/libArduinoCore.a(WString.o)
                                                  /Users/kleinen/Dropbox/Arduino/eclipse-workspace-3/ArduinoCore/328P_16MHz/libArduinoCore.a(Print.o)
String::replace(String const&, String const&)     /Users/kleinen/Dropbox/Arduino/eclipse-workspace-3/ArduinoCore/328P_16MHz/libArduinoCore.a(WString.o)
String::replace(char, char)                       /Users/kleinen/Dropbox/Arduino/eclipse-workspace-3/ArduinoCore/328P_16MHz/libArduinoCore.a(WString.o)
String::reserve(unsigned int)                     /Users/kleinen/Dropbox/Arduino/eclipse-workspace-3/ArduinoCore/328P_16MHz/libArduinoCore.a(WString.o)
String::setCharAt(unsigned int, char)             /Users/kleinen/Dropbox/Arduino/eclipse-workspace-3/ArduinoCore/328P_16MHz/libArduinoCore.a(WString.o)
String::startsWith(String const&) const           /Users/kleinen/Dropbox/Arduino/eclipse-workspace-3/ArduinoCore/328P_16MHz/libArduinoCore.a(WString.o)
String::startsWith(String const&, unsigned int) const /Users/kleinen/Dropbox/Arduino/eclipse-workspace-3/ArduinoCore/328P_16MHz/libArduinoCore.a(WString.o)
String::substring(unsigned int) const             /Users/kleinen/Dropbox/Arduino/eclipse-workspace-3/ArduinoCore/328P_16MHz/libArduinoCore.a(WString.o)
String::substring(unsigned int, unsigned int) const /Users/kleinen/Dropbox/Arduino/eclipse-workspace-3/ArduinoCore/328P_16MHz/libArduinoCore.a(WString.o)
String::toInt() const                             /Users/kleinen/Dropbox/Arduino/eclipse-workspace-3/ArduinoCore/328P_16MHz/libArduinoCore.a(WString.o)
String::toLowerCase()                             /Users/kleinen/Dropbox/Arduino/eclipse-workspace-3/ArduinoCore/328P_16MHz/libArduinoCore.a(WString.o)
String::toUpperCase()                             /Users/kleinen/Dropbox/Arduino/eclipse-workspace-3/ArduinoCore/328P_16MHz/libArduinoCore.a(WString.o)
String::trim()                                    /Users/kleinen/Dropbox/Arduino/eclipse-workspace-3/ArduinoCore/328P_16MHz/libArduinoCore.a(WString.o)
String::~String()                                 /Users/kleinen/Dropbox/Arduino/eclipse-workspace-3/ArduinoCore/328P_16MHz/libArduinoCore.a(WString.o)
String::~String()                                 /Users/kleinen/Dropbox/Arduino/eclipse-workspace-3/ArduinoCore/328P_16MHz/libArduinoCore.a(WString.o)
__addsf3                                          /usr/local/CrossPack-AVR-20120217/lib/gcc/avr/4.5.1/../../../../avr/lib/avr5/libm.a(addsf3.o)
                                                  /Users/kleinen/Dropbox/Arduino/eclipse-workspace-3/ArduinoCore/328P_16MHz/libArduinoCore.a(Print.o)
                                                  ./shiftpwmlib/CShiftPWM.o
__addsf3x                                         /usr/local/CrossPack-AVR-20120217/lib/gcc/avr/4.5.1/../../../../avr/lib/avr5/libm.a(addsf3x.o)
                                                  /usr/local/CrossPack-AVR-20120217/lib/gcc/avr/4.5.1/../../../../avr/lib/avr5/libm.a(addsf3.o)
__bad_interrupt                                   /usr/local/CrossPack-AVR-20120217/lib/gcc/avr/4.5.1/../../../../avr/lib/avr5/crtm328p.o
__brkval                                          /usr/local/CrossPack-AVR-20120217/lib/gcc/avr/4.5.1/../../../../avr/lib/avr5/libc.a(realloc.o)
                                                  /usr/local/CrossPack-AVR-20120217/lib/gcc/avr/4.5.1/../../../../avr/lib/avr5/libc.a(malloc.o)
__bss_end                                         /usr/local/CrossPack-AVR-20120217/lib/gcc/avr/4.5.1/avr5/libgcc.a(_clear_bss.o)
__bss_start                                       /usr/local/CrossPack-AVR-20120217/lib/gcc/avr/4.5.1/avr5/libgcc.a(_clear_bss.o)
__cmpsf2                                          /usr/local/CrossPack-AVR-20120217/lib/gcc/avr/4.5.1/../../../../avr/lib/avr5/libm.a(cmpsf2.o)
__ctors_end                                       /usr/local/CrossPack-AVR-20120217/lib/gcc/avr/4.5.1/avr5/libgcc.a(_ctors.o)
__ctors_start                                     /usr/local/CrossPack-AVR-20120217/lib/gcc/avr/4.5.1/avr5/libgcc.a(_ctors.o)
__ctype_isfalse                                   /usr/local/CrossPack-AVR-20120217/lib/gcc/avr/4.5.1/../../../../avr/lib/avr5/libc.a(cty_isfalse.o)
                                                  /usr/local/CrossPack-AVR-20120217/lib/gcc/avr/4.5.1/../../../../avr/lib/avr5/libc.a(isspace.o)
__ctype_istrue                                    /usr/local/CrossPack-AVR-20120217/lib/gcc/avr/4.5.1/../../../../avr/lib/avr5/libc.a(cty_isfalse.o)
__cxa_guard_abort                                 /Users/kleinen/Dropbox/Arduino/eclipse-workspace-3/ArduinoCore/328P_16MHz/libArduinoCore.a(new.o)
__cxa_guard_acquire                               /Users/kleinen/Dropbox/Arduino/eclipse-workspace-3/ArduinoCore/328P_16MHz/libArduinoCore.a(new.o)
__cxa_guard_release                               /Users/kleinen/Dropbox/Arduino/eclipse-workspace-3/ArduinoCore/328P_16MHz/libArduinoCore.a(new.o)
__cxa_pure_virtual                                /Users/kleinen/Dropbox/Arduino/eclipse-workspace-3/ArduinoCore/328P_16MHz/libArduinoCore.a(new.o)
                                                  /Users/kleinen/Dropbox/Arduino/eclipse-workspace-3/ArduinoCore/328P_16MHz/libArduinoCore.a(Print.o)
                                                  /Users/kleinen/Dropbox/Arduino/eclipse-workspace-3/ArduinoCore/328P_16MHz/libArduinoCore.a(HardwareSerial.o)
__data_end                                        /usr/local/CrossPack-AVR-20120217/lib/gcc/avr/4.5.1/avr5/libgcc.a(_copy_data.o)
__data_load_start                                 /usr/local/CrossPack-AVR-20120217/lib/gcc/avr/4.5.1/avr5/libgcc.a(_copy_data.o)
__data_start                                      /usr/local/CrossPack-AVR-20120217/lib/gcc/avr/4.5.1/avr5/libgcc.a(_copy_data.o)
__divmodhi4                                       /usr/local/CrossPack-AVR-20120217/lib/gcc/avr/4.5.1/avr5/libgcc.a(_divmodhi4.o)
                                                  /Users/kleinen/Dropbox/Arduino/eclipse-workspace-3/ArduinoCore/328P_16MHz/libArduinoCore.a(HardwareSerial.o)
                                                  ./lib/BlinkenFilm.o
                                                  ./shiftpwmlib/CShiftPWM.o
__divmodqi4                                       /usr/local/CrossPack-AVR-20120217/lib/gcc/avr/4.5.1/avr5/libgcc.a(_divmodqi4.o)
                                                  ./lib/BlinkenFilm.o
__divmodsi4                                       /usr/local/CrossPack-AVR-20120217/lib/gcc/avr/4.5.1/avr5/libgcc.a(_divmodsi4.o)
                                                  /usr/local/CrossPack-AVR-20120217/lib/gcc/avr/4.5.1/../../../../avr/lib/avr5/libc.a(random.o)
                                                  /Users/kleinen/Dropbox/Arduino/eclipse-workspace-3/ArduinoCore/328P_16MHz/libArduinoCore.a(WMath.o)
__divsf3                                          /usr/local/CrossPack-AVR-20120217/lib/gcc/avr/4.5.1/../../../../avr/lib/avr5/libm.a(divsf3.o)
                                                  /Users/kleinen/Dropbox/Arduino/eclipse-workspace-3/ArduinoCore/328P_16MHz/libArduinoCore.a(Print.o)
                                                  ./shiftpwmlib/CShiftPWM.o
__divsf3_pse                                      /usr/local/CrossPack-AVR-20120217/lib/gcc/avr/4.5.1/../../../../avr/lib/avr5/libm.a(divsf3x.o)
__divsf3x                                         /usr/local/CrossPack-AVR-20120217/lib/gcc/avr/4.5.1/../../../../avr/lib/avr5/libm.a(divsf3x.o)
                                                  /usr/local/CrossPack-AVR-20120217/lib/gcc/avr/4.5.1/../../../../avr/lib/avr5/libm.a(divsf3.o)
__do_clear_bss                                    /usr/local/CrossPack-AVR-20120217/lib/gcc/avr/4.5.1/avr5/libgcc.a(_clear_bss.o)
                                                  /usr/local/CrossPack-AVR-20120217/lib/gcc/avr/4.5.1/../../../../avr/lib/avr5/libc.a(malloc.o)
                                                  /Users/kleinen/Dropbox/Arduino/eclipse-workspace-3/ArduinoCore/328P_16MHz/libArduinoCore.a(wiring.o)
                                                  /Users/kleinen/Dropbox/Arduino/eclipse-workspace-3/ArduinoCore/328P_16MHz/libArduinoCore.a(WString.o)
                                                  /Users/kleinen/Dropbox/Arduino/eclipse-workspace-3/ArduinoCore/328P_16MHz/libArduinoCore.a(HardwareSerial.o)
                                                  ./arduinolib/SPI.o
                                                  ./src/main.o
__do_copy_data                                    /usr/local/CrossPack-AVR-20120217/lib/gcc/avr/4.5.1/avr5/libgcc.a(_copy_data.o)
                                                  /usr/local/CrossPack-AVR-20120217/lib/gcc/avr/4.5.1/../../../../avr/lib/avr5/libc.a(random.o)
                                                  /usr/local/CrossPack-AVR-20120217/lib/gcc/avr/4.5.1/../../../../avr/lib/avr5/libc.a(malloc.o)
                                                  /Users/kleinen/Dropbox/Arduino/eclipse-workspace-3/ArduinoCore/328P_16MHz/libArduinoCore.a(WString.o)
                                                  /Users/kleinen/Dropbox/Arduino/eclipse-workspace-3/ArduinoCore/328P_16MHz/libArduinoCore.a(Print.o)
                                                  /Users/kleinen/Dropbox/Arduino/eclipse-workspace-3/ArduinoCore/328P_16MHz/libArduinoCore.a(HardwareSerial.o)
                                                  ./lib/Lauflicht.o
                                                  ./shiftpwmlib/CShiftPWM.o
                                                  ./src/main.o
__do_global_ctors                                 /usr/local/CrossPack-AVR-20120217/lib/gcc/avr/4.5.1/avr5/libgcc.a(_ctors.o)
                                                  /Users/kleinen/Dropbox/Arduino/eclipse-workspace-3/ArduinoCore/328P_16MHz/libArduinoCore.a(HardwareSerial.o)
                                                  ./src/main.o
__do_global_dtors                                 /usr/local/CrossPack-AVR-20120217/lib/gcc/avr/4.5.1/avr5/libgcc.a(_dtors.o)
                                                  ./src/main.o
__dtors_end                                       /usr/local/CrossPack-AVR-20120217/lib/gcc/avr/4.5.1/avr5/libgcc.a(_dtors.o)
__dtors_start                                     /usr/local/CrossPack-AVR-20120217/lib/gcc/avr/4.5.1/avr5/libgcc.a(_dtors.o)
__epilogue_restores__                             /usr/local/CrossPack-AVR-20120217/lib/gcc/avr/4.5.1/avr5/libgcc.a(_epilogue.o)
                                                  /usr/local/CrossPack-AVR-20120217/lib/gcc/avr/4.5.1/../../../../avr/lib/avr5/libc.a(realloc.o)
                                                  /usr/local/CrossPack-AVR-20120217/lib/gcc/avr/4.5.1/../../../../avr/lib/avr5/libc.a(random.o)
__eqsf2                                           /usr/local/CrossPack-AVR-20120217/lib/gcc/avr/4.5.1/../../../../avr/lib/avr5/libm.a(cmpsf2.o)
__fixsfsi                                         /usr/local/CrossPack-AVR-20120217/lib/gcc/avr/4.5.1/../../../../avr/lib/avr5/libm.a(fixsfsi.o)
                                                  /Users/kleinen/Dropbox/Arduino/eclipse-workspace-3/ArduinoCore/328P_16MHz/libArduinoCore.a(Print.o)
                                                  ./shiftpwmlib/CShiftPWM.o
__fixunssfsi                                      /usr/local/CrossPack-AVR-20120217/lib/gcc/avr/4.5.1/../../../../avr/lib/avr5/libm.a(fixunssfsi.o)
                                                  /usr/local/CrossPack-AVR-20120217/lib/gcc/avr/4.5.1/../../../../avr/lib/avr5/libm.a(fixsfsi.o)
                                                  /Users/kleinen/Dropbox/Arduino/eclipse-workspace-3/ArduinoCore/328P_16MHz/libArduinoCore.a(Print.o)
__floatsisf                                       /usr/local/CrossPack-AVR-20120217/lib/gcc/avr/4.5.1/../../../../avr/lib/avr5/libm.a(floatsisf.o)
                                                  /Users/kleinen/Dropbox/Arduino/eclipse-workspace-3/ArduinoCore/328P_16MHz/libArduinoCore.a(Print.o)
                                                  ./shiftpwmlib/CShiftPWM.o
__floatunsisf                                     /usr/local/CrossPack-AVR-20120217/lib/gcc/avr/4.5.1/../../../../avr/lib/avr5/libm.a(floatsisf.o)
                                                  /Users/kleinen/Dropbox/Arduino/eclipse-workspace-3/ArduinoCore/328P_16MHz/libArduinoCore.a(Print.o)
                                                  ./shiftpwmlib/CShiftPWM.o
__flp                                             /usr/local/CrossPack-AVR-20120217/lib/gcc/avr/4.5.1/../../../../avr/lib/avr5/libc.a(realloc.o)
                                                  /usr/local/CrossPack-AVR-20120217/lib/gcc/avr/4.5.1/../../../../avr/lib/avr5/libc.a(malloc.o)
__fp_cmp                                          /usr/local/CrossPack-AVR-20120217/lib/gcc/avr/4.5.1/../../../../avr/lib/avr5/libm.a(fp_cmp.o)
                                                  /usr/local/CrossPack-AVR-20120217/lib/gcc/avr/4.5.1/../../../../avr/lib/avr5/libm.a(gesf2.o)
                                                  /usr/local/CrossPack-AVR-20120217/lib/gcc/avr/4.5.1/../../../../avr/lib/avr5/libm.a(cmpsf2.o)
__fp_inf                                          /usr/local/CrossPack-AVR-20120217/lib/gcc/avr/4.5.1/../../../../avr/lib/avr5/libm.a(fp_inf.o)
                                                  /usr/local/CrossPack-AVR-20120217/lib/gcc/avr/4.5.1/../../../../avr/lib/avr5/libm.a(mulsf3x.o)
                                                  /usr/local/CrossPack-AVR-20120217/lib/gcc/avr/4.5.1/../../../../avr/lib/avr5/libm.a(divsf3x.o)
                                                  /usr/local/CrossPack-AVR-20120217/lib/gcc/avr/4.5.1/../../../../avr/lib/avr5/libm.a(addsf3x.o)
__fp_nan                                          /usr/local/CrossPack-AVR-20120217/lib/gcc/avr/4.5.1/../../../../avr/lib/avr5/libm.a(fp_nan.o)
                                                  /usr/local/CrossPack-AVR-20120217/lib/gcc/avr/4.5.1/../../../../avr/lib/avr5/libm.a(mulsf3x.o)
                                                  /usr/local/CrossPack-AVR-20120217/lib/gcc/avr/4.5.1/../../../../avr/lib/avr5/libm.a(divsf3x.o)
                                                  /usr/local/CrossPack-AVR-20120217/lib/gcc/avr/4.5.1/../../../../avr/lib/avr5/libm.a(addsf3x.o)
__fp_pscA                                         /usr/local/CrossPack-AVR-20120217/lib/gcc/avr/4.5.1/../../../../avr/lib/avr5/libm.a(fp_pscA.o)
                                                  /usr/local/CrossPack-AVR-20120217/lib/gcc/avr/4.5.1/../../../../avr/lib/avr5/libm.a(mulsf3x.o)
                                                  /usr/local/CrossPack-AVR-20120217/lib/gcc/avr/4.5.1/../../../../avr/lib/avr5/libm.a(divsf3x.o)
                                                  /usr/local/CrossPack-AVR-20120217/lib/gcc/avr/4.5.1/../../../../avr/lib/avr5/libm.a(addsf3x.o)
__fp_pscB                                         /usr/local/CrossPack-AVR-20120217/lib/gcc/avr/4.5.1/../../../../avr/lib/avr5/libm.a(fp_pscB.o)
                                                  /usr/local/CrossPack-AVR-20120217/lib/gcc/avr/4.5.1/../../../../avr/lib/avr5/libm.a(mulsf3x.o)
                                                  /usr/local/CrossPack-AVR-20120217/lib/gcc/avr/4.5.1/../../../../avr/lib/avr5/libm.a(divsf3x.o)
                                                  /usr/local/CrossPack-AVR-20120217/lib/gcc/avr/4.5.1/../../../../avr/lib/avr5/libm.a(addsf3x.o)
__fp_round                                        /usr/local/CrossPack-AVR-20120217/lib/gcc/avr/4.5.1/../../../../avr/lib/avr5/libm.a(fp_round.o)
                                                  /usr/local/CrossPack-AVR-20120217/lib/gcc/avr/4.5.1/../../../../avr/lib/avr5/libm.a(mulsf3.o)
                                                  /usr/local/CrossPack-AVR-20120217/lib/gcc/avr/4.5.1/../../../../avr/lib/avr5/libm.a(divsf3.o)
                                                  /usr/local/CrossPack-AVR-20120217/lib/gcc/avr/4.5.1/../../../../avr/lib/avr5/libm.a(addsf3.o)
__fp_split3                                       /usr/local/CrossPack-AVR-20120217/lib/gcc/avr/4.5.1/../../../../avr/lib/avr5/libm.a(fp_split3.o)
                                                  /usr/local/CrossPack-AVR-20120217/lib/gcc/avr/4.5.1/../../../../avr/lib/avr5/libm.a(mulsf3x.o)
                                                  /usr/local/CrossPack-AVR-20120217/lib/gcc/avr/4.5.1/../../../../avr/lib/avr5/libm.a(divsf3x.o)
                                                  /usr/local/CrossPack-AVR-20120217/lib/gcc/avr/4.5.1/../../../../avr/lib/avr5/libm.a(addsf3x.o)
__fp_splitA                                       /usr/local/CrossPack-AVR-20120217/lib/gcc/avr/4.5.1/../../../../avr/lib/avr5/libm.a(fp_split3.o)
                                                  /usr/local/CrossPack-AVR-20120217/lib/gcc/avr/4.5.1/../../../../avr/lib/avr5/libm.a(fixunssfsi.o)
__fp_szero                                        /usr/local/CrossPack-AVR-20120217/lib/gcc/avr/4.5.1/../../../../avr/lib/avr5/libm.a(fp_zero.o)
                                                  /usr/local/CrossPack-AVR-20120217/lib/gcc/avr/4.5.1/../../../../avr/lib/avr5/libm.a(mulsf3x.o)
                                                  /usr/local/CrossPack-AVR-20120217/lib/gcc/avr/4.5.1/../../../../avr/lib/avr5/libm.a(fixsfsi.o)
                                                  /usr/local/CrossPack-AVR-20120217/lib/gcc/avr/4.5.1/../../../../avr/lib/avr5/libm.a(divsf3x.o)
__fp_zero                                         /usr/local/CrossPack-AVR-20120217/lib/gcc/avr/4.5.1/../../../../avr/lib/avr5/libm.a(fp_zero.o)
                                                  /usr/local/CrossPack-AVR-20120217/lib/gcc/avr/4.5.1/../../../../avr/lib/avr5/libm.a(fixunssfsi.o)
                                                  /usr/local/CrossPack-AVR-20120217/lib/gcc/avr/4.5.1/../../../../avr/lib/avr5/libm.a(addsf3x.o)
__gesf2                                           /usr/local/CrossPack-AVR-20120217/lib/gcc/avr/4.5.1/../../../../avr/lib/avr5/libm.a(gesf2.o)
                                                  ./shiftpwmlib/CShiftPWM.o
__gtsf2                                           /usr/local/CrossPack-AVR-20120217/lib/gcc/avr/4.5.1/../../../../avr/lib/avr5/libm.a(gesf2.o)
                                                  ./shiftpwmlib/CShiftPWM.o
__heap_end                                        /usr/local/CrossPack-AVR-20120217/lib/gcc/avr/4.5.1/../../../../avr/lib/avr5/crtm328p.o
                                                  /usr/local/CrossPack-AVR-20120217/lib/gcc/avr/4.5.1/../../../../avr/lib/avr5/libc.a(malloc.o)
__heap_start                                      /usr/local/CrossPack-AVR-20120217/lib/gcc/avr/4.5.1/../../../../avr/lib/avr5/libc.a(malloc.o)
__init                                            /usr/local/CrossPack-AVR-20120217/lib/gcc/avr/4.5.1/../../../../avr/lib/avr5/crtm328p.o
__lesf2                                           /usr/local/CrossPack-AVR-20120217/lib/gcc/avr/4.5.1/../../../../avr/lib/avr5/libm.a(cmpsf2.o)
__ltsf2                                           /usr/local/CrossPack-AVR-20120217/lib/gcc/avr/4.5.1/../../../../avr/lib/avr5/libm.a(cmpsf2.o)
                                                  /Users/kleinen/Dropbox/Arduino/eclipse-workspace-3/ArduinoCore/328P_16MHz/libArduinoCore.a(Print.o)
__malloc_heap_end                                 /usr/local/CrossPack-AVR-20120217/lib/gcc/avr/4.5.1/../../../../avr/lib/avr5/libc.a(malloc.o)
                                                  /usr/local/CrossPack-AVR-20120217/lib/gcc/avr/4.5.1/../../../../avr/lib/avr5/libc.a(realloc.o)
__malloc_heap_start                               /usr/local/CrossPack-AVR-20120217/lib/gcc/avr/4.5.1/../../../../avr/lib/avr5/libc.a(malloc.o)
__malloc_margin                                   /usr/local/CrossPack-AVR-20120217/lib/gcc/avr/4.5.1/../../../../avr/lib/avr5/libc.a(malloc.o)
                                                  /usr/local/CrossPack-AVR-20120217/lib/gcc/avr/4.5.1/../../../../avr/lib/avr5/libc.a(realloc.o)
__mulsf3                                          /usr/local/CrossPack-AVR-20120217/lib/gcc/avr/4.5.1/../../../../avr/lib/avr5/libm.a(mulsf3.o)
                                                  /Users/kleinen/Dropbox/Arduino/eclipse-workspace-3/ArduinoCore/328P_16MHz/libArduinoCore.a(Print.o)
                                                  ./shiftpwmlib/CShiftPWM.o
__mulsf3_pse                                      /usr/local/CrossPack-AVR-20120217/lib/gcc/avr/4.5.1/../../../../avr/lib/avr5/libm.a(mulsf3x.o)
__mulsf3x                                         /usr/local/CrossPack-AVR-20120217/lib/gcc/avr/4.5.1/../../../../avr/lib/avr5/libm.a(mulsf3x.o)
                                                  /usr/local/CrossPack-AVR-20120217/lib/gcc/avr/4.5.1/../../../../avr/lib/avr5/libm.a(mulsf3.o)
__mulsi3                                          /usr/local/CrossPack-AVR-20120217/lib/gcc/avr/4.5.1/avr5/libgcc.a(_mulsi3.o)
                                                  /usr/local/CrossPack-AVR-20120217/lib/gcc/avr/4.5.1/../../../../avr/lib/avr5/libc.a(random.o)
                                                  /Users/kleinen/Dropbox/Arduino/eclipse-workspace-3/ArduinoCore/328P_16MHz/libArduinoCore.a(WMath.o)
                                                  ./src/main.o
__mulsi_const_10                                  /usr/local/CrossPack-AVR-20120217/lib/gcc/avr/4.5.1/../../../../avr/lib/avr5/libc.a(mulsi10.o)
                                                  /usr/local/CrossPack-AVR-20120217/lib/gcc/avr/4.5.1/../../../../avr/lib/avr5/libc.a(atol.o)
__nesf2                                           /usr/local/CrossPack-AVR-20120217/lib/gcc/avr/4.5.1/../../../../avr/lib/avr5/libm.a(cmpsf2.o)
__prologue_saves__                                /usr/local/CrossPack-AVR-20120217/lib/gcc/avr/4.5.1/avr5/libgcc.a(_prologue.o)
                                                  /usr/local/CrossPack-AVR-20120217/lib/gcc/avr/4.5.1/../../../../avr/lib/avr5/libc.a(realloc.o)
                                                  /usr/local/CrossPack-AVR-20120217/lib/gcc/avr/4.5.1/../../../../avr/lib/avr5/libc.a(random.o)
__stack                                           /usr/local/CrossPack-AVR-20120217/lib/gcc/avr/4.5.1/../../../../avr/lib/avr5/crtm328p.o
__subsf3                                          /usr/local/CrossPack-AVR-20120217/lib/gcc/avr/4.5.1/../../../../avr/lib/avr5/libm.a(addsf3.o)
                                                  /Users/kleinen/Dropbox/Arduino/eclipse-workspace-3/ArduinoCore/328P_16MHz/libArduinoCore.a(Print.o)
                                                  ./shiftpwmlib/CShiftPWM.o
__tablejump2__                                    /usr/local/CrossPack-AVR-20120217/lib/gcc/avr/4.5.1/avr5/libgcc.a(_tablejump.o)
__tablejump__                                     /usr/local/CrossPack-AVR-20120217/lib/gcc/avr/4.5.1/avr5/libgcc.a(_tablejump.o)
                                                  /usr/local/CrossPack-AVR-20120217/lib/gcc/avr/4.5.1/avr5/libgcc.a(_dtors.o)
                                                  /usr/local/CrossPack-AVR-20120217/lib/gcc/avr/4.5.1/avr5/libgcc.a(_ctors.o)
__udivmodhi4                                      /usr/local/CrossPack-AVR-20120217/lib/gcc/avr/4.5.1/avr5/libgcc.a(_udivmodhi4.o)
                                                  /usr/local/CrossPack-AVR-20120217/lib/gcc/avr/4.5.1/../../../../avr/lib/avr5/libc.a(utoa.o)
                                                  /usr/local/CrossPack-AVR-20120217/lib/gcc/avr/4.5.1/../../../../avr/lib/avr5/libc.a(itoa.o)
                                                  /usr/local/CrossPack-AVR-20120217/lib/gcc/avr/4.5.1/avr5/libgcc.a(_divmodhi4.o)
__udivmodqi4                                      /usr/local/CrossPack-AVR-20120217/lib/gcc/avr/4.5.1/avr5/libgcc.a(_udivmodqi4.o)
                                                  /usr/local/CrossPack-AVR-20120217/lib/gcc/avr/4.5.1/avr5/libgcc.a(_divmodqi4.o)
__udivmodsi4                                      /usr/local/CrossPack-AVR-20120217/lib/gcc/avr/4.5.1/avr5/libgcc.a(_udivmodsi4.o)
                                                  /usr/local/CrossPack-AVR-20120217/lib/gcc/avr/4.5.1/../../../../avr/lib/avr5/libc.a(ultoa.o)
                                                  /usr/local/CrossPack-AVR-20120217/lib/gcc/avr/4.5.1/../../../../avr/lib/avr5/libc.a(ltoa.o)
                                                  /usr/local/CrossPack-AVR-20120217/lib/gcc/avr/4.5.1/avr5/libgcc.a(_divmodsi4.o)
                                                  /Users/kleinen/Dropbox/Arduino/eclipse-workspace-3/ArduinoCore/328P_16MHz/libArduinoCore.a(Print.o)
                                                  /Users/kleinen/Dropbox/Arduino/eclipse-workspace-3/ArduinoCore/328P_16MHz/libArduinoCore.a(HardwareSerial.o)
                                                  ./shiftpwmlib/CShiftPWM.o
__vector_1                                        /usr/local/CrossPack-AVR-20120217/lib/gcc/avr/4.5.1/../../../../avr/lib/avr5/crtm328p.o
__vector_10                                       /usr/local/CrossPack-AVR-20120217/lib/gcc/avr/4.5.1/../../../../avr/lib/avr5/crtm328p.o
__vector_11                                       ./src/main.o
                                                  /usr/local/CrossPack-AVR-20120217/lib/gcc/avr/4.5.1/../../../../avr/lib/avr5/crtm328p.o
__vector_12                                       /usr/local/CrossPack-AVR-20120217/lib/gcc/avr/4.5.1/../../../../avr/lib/avr5/crtm328p.o
__vector_13                                       /usr/local/CrossPack-AVR-20120217/lib/gcc/avr/4.5.1/../../../../avr/lib/avr5/crtm328p.o
__vector_14                                       /usr/local/CrossPack-AVR-20120217/lib/gcc/avr/4.5.1/../../../../avr/lib/avr5/crtm328p.o
__vector_15                                       /usr/local/CrossPack-AVR-20120217/lib/gcc/avr/4.5.1/../../../../avr/lib/avr5/crtm328p.o
__vector_16                                       /Users/kleinen/Dropbox/Arduino/eclipse-workspace-3/ArduinoCore/328P_16MHz/libArduinoCore.a(wiring.o)
                                                  /usr/local/CrossPack-AVR-20120217/lib/gcc/avr/4.5.1/../../../../avr/lib/avr5/crtm328p.o
__vector_17                                       /usr/local/CrossPack-AVR-20120217/lib/gcc/avr/4.5.1/../../../../avr/lib/avr5/crtm328p.o
__vector_18                                       /Users/kleinen/Dropbox/Arduino/eclipse-workspace-3/ArduinoCore/328P_16MHz/libArduinoCore.a(HardwareSerial.o)
                                                  /usr/local/CrossPack-AVR-20120217/lib/gcc/avr/4.5.1/../../../../avr/lib/avr5/crtm328p.o
__vector_19                                       /Users/kleinen/Dropbox/Arduino/eclipse-workspace-3/ArduinoCore/328P_16MHz/libArduinoCore.a(HardwareSerial.o)
                                                  /usr/local/CrossPack-AVR-20120217/lib/gcc/avr/4.5.1/../../../../avr/lib/avr5/crtm328p.o
__vector_2                                        /usr/local/CrossPack-AVR-20120217/lib/gcc/avr/4.5.1/../../../../avr/lib/avr5/crtm328p.o
__vector_20                                       /usr/local/CrossPack-AVR-20120217/lib/gcc/avr/4.5.1/../../../../avr/lib/avr5/crtm328p.o
__vector_21                                       /usr/local/CrossPack-AVR-20120217/lib/gcc/avr/4.5.1/../../../../avr/lib/avr5/crtm328p.o
__vector_22                                       /usr/local/CrossPack-AVR-20120217/lib/gcc/avr/4.5.1/../../../../avr/lib/avr5/crtm328p.o